<html>
<body>
<pre>
<h1>礦ision Build Log</h1>
<h2>Tool Versions:</h2>
IDE-Version: μVision V5.25.3.0
Copyright (C) 2018 ARM Ltd and ARM Germany GmbH. All rights reserved.
License Information: Dou Lank, ddos, LIC=P6F30-BJTRJ-78NFD-865CP-EQB6N-F60A9
 
Tool Versions:
Toolchain:       MDK-ARM Professional  Version: 5.18
Toolchain Path:  E:\Keil_V5\ARM\ARMCC\Bin
C Compiler:      Armcc.exe V5.06 update 1 (build 61)
Assembler:       Armasm.exe V5.06 update 1 (build 61)
Linker/Locator:  ArmLink.exe V5.06 update 1 (build 61)
Library Manager: ArmAr.exe V5.06 update 1 (build 61)
Hex Converter:   FromElf.exe V5.06 update 1 (build 61)
CPU DLL:         SARMCM3.DLL V5.18
Dialog DLL:      DCM.DLL V1.13.6.0
Target DLL:      STLink\ST-LINKIII-KEIL_SWO.dll V2.0.18.0
Dialog DLL:      TCM.DLL V1.14.8.0
 
<h2>Project:</h2>
E:\new palace\keil PRo\STM32\基于tecentOS的简易平衡小车\board\ALIENTEK-MiniSTM32F103RCT6\KEIL\hello_world\ALIENTEK-MiniSTM32F103RCT6.uvprojx
Project File Date:  03/29/2020

<h2>Output:</h2>
*** Using Compiler 'V5.06 update 1 (build 61)', folder: 'E:\Keil_V5\ARM\ARMCC\Bin'
Rebuild target 'ALIENTEK-MiniSTM32F103RCT6'
assembling startup_stm32f103xe.s...
compiling stm32f1xx_hal_msp.c...
compiling gpio.c...
compiling usart.c...
compiling stm32f1xx_it.c...
compiling main.c...
compiling stm32f1xx_hal.c...
compiling mcu_init.c...
compiling stm32f1xx_hal_cortex.c...
compiling stm32f1xx_hal_gpio_ex.c...
compiling stm32f1xx_hal_exti.c...
compiling stm32f1xx_hal_pwr.c...
compiling stm32f1xx_hal_gpio.c...
compiling stm32f1xx_hal_flash.c...
compiling stm32f1xx_hal_flash_ex.c...
compiling stm32f1xx_hal_dma.c...
compiling stm32f1xx_hal_rcc.c...
assembling port_s.S...
compiling stm32f1xx_hal_rcc_ex.c...
compiling stm32f1xx_hal_tim.c...
compiling tos_cpu.c...
compiling system_stm32f1xx.c...
compiling stm32f1xx_hal_tim_ex.c...
compiling port_c.c...
compiling stm32f1xx_hal_uart.c...
compiling tos_event.c...
compiling tos_global.c...
compiling tos_mmblk.c...
compiling tos_fifo.c...
compiling tos_mutex.c...
compiling tos_mmheap.c...
compiling tos_msg.c...
compiling tos_pend.c...
compiling tos_queue.c...
compiling tos_robin.c...
compiling tos_sem.c...
compiling tos_sched.c...
compiling tos_sys.c...
compiling tos_tick.c...
compiling tos_task.c...
compiling tos_time.c...
compiling tos_timer.c...
compiling hello_world.c...
compiling cmsis_os.c...
linking...
Program Size: Code=8168 RO-data=500 RW-data=92 ZI-data=31652  
FromELF: creating hex file...
"ALIENTEK-MiniSTM32F103RCT6\ALIENTEK-MiniSTM32F103RCT6.axf" - 0 Error(s), 0 Warning(s).

<h2>Software Packages used:</h2>

Package Vendor: ARM
                http://www.keil.com/pack/ARM.CMSIS.4.5.0.pack
                ARM.CMSIS.4.5.0
                CMSIS (Cortex Microcontroller Software Interface Standard)
   * Component: CORE Version: 4.3.0

Package Vendor: Keil
                http://www.keil.com/pack/Keil.STM32F1xx_DFP.1.0.5.pack
                Keil.STM32F1xx_DFP.1.0.5
                STMicroelectronics STM32F1 Series Device Support, Drivers and Examples

<h2>Collection of Component include folders:</h2>
  .\RTE\_ALIENTEK-MiniSTM32F103RCT6
  E:\Keil_V5\ARM\PACK\ARM\CMSIS\4.5.0\CMSIS\Include
  E:\Keil_V5\ARM\PACK\Keil\STM32F1xx_DFP\1.0.5\Device\Include

<h2>Collection of Component Files used:</h2>

   * Component: ARM::CMSIS:CORE:4.3.0
Build Time Elapsed:  00:00:06
</pre>
</body>
</html>
