Component: ARM Compiler 5.06 update 1 (build 61) Tool: armlink [4d35a8]

==============================================================================

Section Cross References

    startup_stm32f103xe.o(RESET) refers to startup_stm32f103xe.o(STACK) for __initial_sp
    startup_stm32f103xe.o(RESET) refers to startup_stm32f103xe.o(.text) for Reset_Handler
    startup_stm32f103xe.o(RESET) refers to stm32f1xx_it.o(i.NMI_Handler) for NMI_Handler
    startup_stm32f103xe.o(RESET) refers to stm32f1xx_it.o(i.HardFault_Handler) for HardFault_Handler
    startup_stm32f103xe.o(RESET) refers to stm32f1xx_it.o(i.MemManage_Handler) for MemManage_Handler
    startup_stm32f103xe.o(RESET) refers to stm32f1xx_it.o(i.BusFault_Handler) for BusFault_Handler
    startup_stm32f103xe.o(RESET) refers to stm32f1xx_it.o(i.UsageFault_Handler) for UsageFault_Handler
    startup_stm32f103xe.o(RESET) refers to stm32f1xx_it.o(i.SVC_Handler) for SVC_Handler
    startup_stm32f103xe.o(RESET) refers to stm32f1xx_it.o(i.DebugMon_Handler) for DebugMon_Handler
    startup_stm32f103xe.o(RESET) refers to port_s.o(.text) for PendSV_Handler
    startup_stm32f103xe.o(RESET) refers to stm32f1xx_it.o(i.SysTick_Handler) for SysTick_Handler
    startup_stm32f103xe.o(.text) refers to system_stm32f1xx.o(i.SystemInit) for SystemInit
    startup_stm32f103xe.o(.text) refers to entry.o(.ARM.Collect$$$$00000000) for __main
    gpio.o(i.MX_GPIO_Init) refers to stm32f1xx_hal_gpio.o(i.HAL_GPIO_WritePin) for HAL_GPIO_WritePin
    gpio.o(i.MX_GPIO_Init) refers to stm32f1xx_hal_gpio.o(i.HAL_GPIO_Init) for HAL_GPIO_Init
    main.o(i.application_entry) refers to printf3.o(i.__0printf$3) for __2printf
    main.o(i.application_entry) refers to tos_task.o(i.tos_task_delay) for tos_task_delay
    main.o(i.main) refers to mcu_init.o(i.board_init) for board_init
    main.o(i.main) refers to printf3.o(i.__0printf$3) for __2printf
    main.o(i.main) refers to cmsis_os.o(i.osKernelInitialize) for osKernelInitialize
    main.o(i.main) refers to cmsis_os.o(i.osThreadCreate) for osThreadCreate
    main.o(i.main) refers to cmsis_os.o(i.osKernelStart) for osKernelStart
    main.o(i.main) refers to main.o(.constdata) for .constdata
    main.o(.constdata) refers to main.o(.conststring) for .conststring
    main.o(.constdata) refers to hello_world.o(i.application_entry) for application_entry
    main.o(.constdata) refers to main.o(.bss) for task_stack_application_entry
    main.o(.constdata) refers to main.o(.bss) for task_handler_application_entry
    mcu_init.o(i.SystemClock_Config) refers to memseta.o(.text) for __aeabi_memclr4
    mcu_init.o(i.SystemClock_Config) refers to stm32f1xx_hal_rcc.o(i.HAL_RCC_OscConfig) for HAL_RCC_OscConfig
    mcu_init.o(i.SystemClock_Config) refers to stm32f1xx_hal_rcc.o(i.HAL_RCC_ClockConfig) for HAL_RCC_ClockConfig
    mcu_init.o(i._write) refers to stm32f1xx_hal_uart.o(i.HAL_UART_Transmit) for HAL_UART_Transmit
    mcu_init.o(i._write) refers to usart.o(.bss) for huart1
    mcu_init.o(i.board_init) refers to stm32f1xx_hal.o(i.HAL_Init) for HAL_Init
    mcu_init.o(i.board_init) refers to mcu_init.o(i.SystemClock_Config) for SystemClock_Config
    mcu_init.o(i.board_init) refers to gpio.o(i.MX_GPIO_Init) for MX_GPIO_Init
    mcu_init.o(i.board_init) refers to usart.o(i.MX_USART1_UART_Init) for MX_USART1_UART_Init
    mcu_init.o(i.fgetc) refers to stm32f1xx_hal_uart.o(i.HAL_UART_Receive) for HAL_UART_Receive
    mcu_init.o(i.fgetc) refers to usart.o(.bss) for huart1
    mcu_init.o(i.fputc) refers to stm32f1xx_hal_uart.o(i.HAL_UART_Transmit) for HAL_UART_Transmit
    mcu_init.o(i.fputc) refers to usart.o(.bss) for huart1
    stm32f1xx_it.o(i.SysTick_Handler) refers to stm32f1xx_hal.o(i.HAL_IncTick) for HAL_IncTick
    stm32f1xx_it.o(i.SysTick_Handler) refers to tos_sys.o(i.tos_knl_is_running) for tos_knl_is_running
    stm32f1xx_it.o(i.SysTick_Handler) refers to tos_sys.o(i.tos_knl_irq_enter) for tos_knl_irq_enter
    stm32f1xx_it.o(i.SysTick_Handler) refers to tos_tick.o(i.tos_tick_handler) for tos_tick_handler
    stm32f1xx_it.o(i.SysTick_Handler) refers to tos_sys.o(i.tos_knl_irq_leave) for tos_knl_irq_leave
    usart.o(i.HAL_UART_MspDeInit) refers to stm32f1xx_hal_gpio.o(i.HAL_GPIO_DeInit) for HAL_GPIO_DeInit
    usart.o(i.HAL_UART_MspInit) refers to stm32f1xx_hal_gpio.o(i.HAL_GPIO_Init) for HAL_GPIO_Init
    usart.o(i.MX_USART1_UART_Init) refers to stm32f1xx_hal_uart.o(i.HAL_UART_Init) for HAL_UART_Init
    usart.o(i.MX_USART1_UART_Init) refers to mcu_init.o(i.Error_Handler) for Error_Handler
    usart.o(i.MX_USART1_UART_Init) refers to usart.o(.bss) for .bss
    stm32f1xx_hal.o(i.HAL_DeInit) refers to stm32f1xx_hal.o(i.HAL_MspDeInit) for HAL_MspDeInit
    stm32f1xx_hal.o(i.HAL_Delay) refers to stm32f1xx_hal.o(i.HAL_GetTick) for HAL_GetTick
    stm32f1xx_hal.o(i.HAL_Delay) refers to stm32f1xx_hal.o(.data) for .data
    stm32f1xx_hal.o(i.HAL_GetTick) refers to stm32f1xx_hal.o(.data) for .data
[...]
    Removing tos_tick.o(.rev16_text), (4 bytes).
    Removing tos_tick.o(.revsh_text), (4 bytes).
    Removing tos_tick.o(.rrx_text), (6 bytes).
    Removing tos_tick.o(i.tick_next_expires_get), (56 bytes).
    Removing tos_time.o(.rev16_text), (4 bytes).
    Removing tos_time.o(.revsh_text), (4 bytes).
    Removing tos_time.o(.rrx_text), (6 bytes).
    Removing tos_time.o(i.tos_sleep_hmsm), (74 bytes).
    Removing tos_time.o(i.tos_sleep_ms), (14 bytes).
    Removing tos_time.o(i.tos_systick_get), (28 bytes).
    Removing tos_time.o(i.tos_systick_set), (28 bytes).
    Removing tos_time.o(i.tos_tick2millisec), (32 bytes).
    Removing tos_timer.o(.rev16_text), (4 bytes).
    Removing tos_timer.o(.revsh_text), (4 bytes).
    Removing tos_timer.o(.rrx_text), (6 bytes).
    Removing tos_timer.o(i.timer_next_expires_get), (76 bytes).
    Removing tos_timer.o(i.tos_timer_create), (130 bytes).
    Removing tos_timer.o(i.tos_timer_destroy), (66 bytes).
    Removing tos_timer.o(i.tos_timer_start), (94 bytes).
    Removing tos_timer.o(i.tos_timer_stop), (56 bytes).
    Removing cmsis_os.o(.rev16_text), (4 bytes).
    Removing cmsis_os.o(.revsh_text), (4 bytes).
    Removing cmsis_os.o(.rrx_text), (6 bytes).
    Removing cmsis_os.o(i.osKernelRunning), (4 bytes).
    Removing cmsis_os.o(i.osKernelSysTick), (8 bytes).
    Removing cmsis_os.o(i.osMessageCreate), (22 bytes).
    Removing cmsis_os.o(i.osMessageGet), (68 bytes).
    Removing cmsis_os.o(i.osMessagePut), (16 bytes).
    Removing cmsis_os.o(i.osMutexCreate), (22 bytes).
    Removing cmsis_os.o(i.osMutexDelete), (14 bytes).
    Removing cmsis_os.o(i.osMutexRelease), (14 bytes).
    Removing cmsis_os.o(i.osMutexWait), (40 bytes).
    Removing cmsis_os.o(i.osPoolAlloc), (22 bytes).
    Removing cmsis_os.o(i.osPoolCAlloc), (34 bytes).
    Removing cmsis_os.o(i.osPoolCreate), (28 bytes).
    Removing cmsis_os.o(i.osPoolFree), (14 bytes).
    Removing cmsis_os.o(i.osSemaphoreCreate), (24 bytes).
    Removing cmsis_os.o(i.osSemaphoreDelete), (14 bytes).
    Removing cmsis_os.o(i.osSemaphoreRelease), (14 bytes).
    Removing cmsis_os.o(i.osSemaphoreWait), (44 bytes).
    Removing cmsis_os.o(i.osThreadGetId), (12 bytes).
    Removing cmsis_os.o(i.osThreadGetPriority), (14 bytes).
    Removing cmsis_os.o(i.osThreadSetPriority), (26 bytes).
    Removing cmsis_os.o(i.osThreadTerminate), (14 bytes).
    Removing cmsis_os.o(i.osTimerCreate), (58 bytes).
    Removing cmsis_os.o(i.osTimerDelete), (14 bytes).
    Removing cmsis_os.o(i.osTimerStart), (60 bytes).
    Removing cmsis_os.o(i.osTimerStop), (14 bytes).
    Removing hello_world.o(.rev16_text), (4 bytes).
    Removing hello_world.o(.revsh_text), (4 bytes).
    Removing hello_world.o(.rrx_text), (6 bytes).
    Removing dadd.o(.text), (334 bytes).
    Removing dmul.o(.text), (228 bytes).
    Removing ddiv.o(.text), (222 bytes).
    Removing dfixul.o(.text), (48 bytes).
    Removing cdrcmple.o(.text), (48 bytes).
    Removing depilogue.o(.text), (186 bytes).

430 unused section(s) (total 18954 bytes) removed from the image.

==============================================================================

Image Symbol Table

    Local Symbols

    Symbol Name                              Value     Ov Type        Size  Object(Section)

    ../clib/microlib/division.c              0x00000000   Number         0  uidiv.o ABSOLUTE
    ../clib/microlib/division.c              0x00000000   Number         0  uldiv.o ABSOLUTE
    ../clib/microlib/init/entry.s            0x00000000   Number         0  entry.o ABSOLUTE
    ../clib/microlib/init/entry.s            0x00000000   Number         0  entry9b.o ABSOLUTE
    ../clib/microlib/init/entry.s            0x00000000   Number         0  entry5.o ABSOLUTE
    ../clib/microlib/init/entry.s            0x00000000   Number         0  entry9a.o ABSOLUTE
    ../clib/microlib/init/entry.s            0x00000000   Number         0  entry8b.o ABSOLUTE
    ../clib/microlib/init/entry.s            0x00000000   Number         0  entry8a.o ABSOLUTE
    ../clib/microlib/init/entry.s            0x00000000   Number         0  entry2.o ABSOLUTE
    ../clib/microlib/init/entry.s            0x00000000   Number         0  entry7b.o ABSOLUTE
    ../clib/microlib/init/entry.s            0x00000000   Number         0  entry10a.o ABSOLUTE
    ../clib/microlib/init/entry.s            0x00000000   Number         0  entry7a.o ABSOLUTE
    ../clib/microlib/init/entry.s            0x00000000   Number         0  entry11b.o ABSOLUTE
    ../clib/microlib/init/entry.s            0x00000000   Number         0  entry11a.o ABSOLUTE
    ../clib/microlib/init/entry.s            0x00000000   Number         0  entry10b.o ABSOLUTE
    ../clib/microlib/longlong.c              0x00000000   Number         0  llsshr.o ABSOLUTE
    ../clib/microlib/longlong.c              0x00000000   Number         0  llshl.o ABSOLUTE
    ../clib/microlib/longlong.c              0x00000000   Number         0  llushr.o ABSOLUTE
    ../clib/microlib/printf/printf.c         0x00000000   Number         0  printf2.o ABSOLUTE
    ../clib/microlib/printf/printf.c         0x00000000   Number         0  printf3.o ABSOLUTE
    ../clib/microlib/printf/printf.c         0x00000000   Number         0  printf1.o ABSOLUTE
    ../clib/microlib/printf/printf.c         0x00000000   Number         0  printf4.o ABSOLUTE
    ../clib/microlib/printf/printf.c         0x00000000   Number         0  printf5.o ABSOLUTE
    ../clib/microlib/printf/printf.c         0x00000000   Number         0  printf6.o ABSOLUTE
    ../clib/microlib/printf/printf.c         0x00000000   Number         0  printf7.o ABSOLUTE
    ../clib/microlib/printf/printf.c         0x00000000   Number         0  printf8.o ABSOLUTE
    ../clib/microlib/printf/printf.c         0x00000000   Number         0  printf0.o ABSOLUTE
    ../clib/microlib/printf/printf.c         0x00000000   Number         0  printfb.o ABSOLUTE
    ../clib/microlib/printf/printf.c         0x00000000   Number         0  printfa.o ABSOLUTE
    ../clib/microlib/printf/stubs.s          0x00000000   Number         0  stubs.o ABSOLUTE
    ../clib/microlib/stdio/streams.c         0x00000000   Number         0  stdout.o ABSOLUTE
    ../clib/microlib/string/memcpy.c         0x00000000   Number         0  memcpya.o ABSOLUTE
    ../clib/microlib/string/memcpy.c         0x00000000   Number         0  memcpyb.o ABSOLUTE
    ../clib/microlib/string/memset.c         0x00000000   Number         0  memseta.o ABSOLUTE
    ../clib/microlib/stubs.s                 0x00000000   Number         0  iusefp.o ABSOLUTE
    ../fplib/microlib/fpadd.c                0x00000000   Number         0  dadd.o ABSOLUTE
    ../fplib/microlib/fpdiv.c                0x00000000   Number         0  ddiv.o ABSOLUTE
    ../fplib/microlib/fpepilogue.c           0x00000000   Number         0  depilogue.o ABSOLUTE
    ../fplib/microlib/fpfix.c                0x00000000   Number         0  dfixul.o ABSOLUTE
    ../fplib/microlib/fpmul.c                0x00000000   Number         0  dmul.o ABSOLUTE
    ..\..\..\..\arch\arm\arm-v7m\common\tos_cpu.c 0x00000000   Number         0  tos_cpu.o ABSOLUTE
    ..\..\..\..\arch\arm\arm-v7m\cortex-m3\armcc\port_c.c 0x00000000   Number         0  port_c.o ABSOLUTE
    ..\..\..\..\arch\arm\arm-v7m\cortex-m3\armcc\port_s.S 0x00000000   Number         0  port_s.o ABSOLUTE
    ..\..\..\..\examples\hello_world.c       0x00000000   Number         0  hello_world.o ABSOLUTE
    ..\..\..\..\kernel\core\tos_event.c      0x00000000   Number         0  tos_event.o ABSOLUTE
    ..\..\..\..\kernel\core\tos_fifo.c       0x00000000   Number         0  tos_fifo.o ABSOLUTE
    ..\..\..\..\kernel\core\tos_global.c     0x00000000   Number         0  tos_global.o ABSOLUTE
    ..\..\..\..\kernel\core\tos_mmblk.c      0x00000000   Number         0  tos_mmblk.o ABSOLUTE
    ..\..\..\..\kernel\core\tos_mmheap.c     0x00000000   Number         0  tos_mmheap.o ABSOLUTE
    ..\..\..\..\kernel\core\tos_msg.c        0x00000000   Number         0  tos_msg.o ABSOLUTE
    ..\..\..\..\kernel\core\tos_mutex.c      0x00000000   Number         0  tos_mutex.o ABSOLUTE
    ..\..\..\..\kernel\core\tos_pend.c       0x00000000   Number         0  tos_pend.o ABSOLUTE
    ..\..\..\..\kernel\core\tos_queue.c      0x00000000   Number         0  tos_queue.o ABSOLUTE
    ..\..\..\..\kernel\core\tos_robin.c      0x00000000   Number         0  tos_robin.o ABSOLUTE
    ..\..\..\..\kernel\core\tos_sched.c      0x00000000   Number         0  tos_sched.o ABSOLUTE
    ..\..\..\..\kernel\core\tos_sem.c        0x00000000   Number         0  tos_sem.o ABSOLUTE
    ..\..\..\..\kernel\core\tos_sys.c        0x00000000   Number         0  tos_sys.o ABSOLUTE
    ..\..\..\..\kernel\core\tos_task.c       0x00000000   Number         0  tos_task.o ABSOLUTE
    ..\..\..\..\kernel\core\tos_tick.c       0x00000000   Number         0  tos_tick.o ABSOLUTE
    ..\..\..\..\kernel\core\tos_time.c       0x00000000   Number         0  tos_time.o ABSOLUTE
    ..\..\..\..\kernel\core\tos_timer.c      0x00000000   Number         0  tos_timer.o ABSOLUTE
    ..\..\..\..\osal\cmsis_os\cmsis_os.c     0x00000000   Number         0  cmsis_os.o ABSOLUTE
    ..\..\..\..\platform\vendor_bsp\st\STM32F1xx_HAL_Driver\Src\stm32f1xx_hal.c 0x00000000   Number         0  stm32f1xx_hal.o ABSOLUTE
    ..\..\..\..\platform\vendor_bsp\st\STM32F1xx_HAL_Driver\Src\stm32f1xx_hal_cortex.c 0x00000000   Number         0  stm32f1xx_hal_cortex.o ABSOLUTE
    ..\..\..\..\platform\vendor_bsp\st\STM32F1xx_HAL_Driver\Src\stm32f1xx_hal_dma.c 0x00000000   Number         0  stm32f1xx_hal_dma.o ABSOLUTE
    ..\..\..\..\platform\vendor_bsp\st\STM32F1xx_HAL_Driver\Src\stm32f1xx_hal_exti.c 0x00000000   Number         0  stm32f1xx_hal_exti.o ABSOLUTE
    ..\..\..\..\platform\vendor_bsp\st\STM32F1xx_HAL_Driver\Src\stm32f1xx_hal_flash.c 0x00000000   Number         0  stm32f1xx_hal_flash.o ABSOLUTE
    ..\..\..\..\platform\vendor_bsp\st\STM32F1xx_HAL_Driver\Src\stm32f1xx_hal_flash_ex.c 0x00000000   Number         0  stm32f1xx_hal_flash_ex.o ABSOLUTE
    ..\..\..\..\platform\vendor_bsp\st\STM32F1xx_HAL_Driver\Src\stm32f1xx_hal_gpio.c 0x00000000   Number         0  stm32f1xx_hal_gpio.o ABSOLUTE
    ..\..\..\..\platform\vendor_bsp\st\STM32F1xx_HAL_Driver\Src\stm32f1xx_hal_gpio_ex.c 0x00000000   Number         0  stm32f1xx_hal_gpio_ex.o ABSOLUTE
    ..\..\..\..\platform\vendor_bsp\st\STM32F1xx_HAL_Driver\Src\stm32f1xx_hal_pwr.c 0x00000000   Number         0  stm32f1xx_hal_pwr.o ABSOLUTE
    ..\..\..\..\platform\vendor_bsp\st\STM32F1xx_HAL_Driver\Src\stm32f1xx_hal_rcc.c 0x00000000   Number         0  stm32f1xx_hal_rcc.o ABSOLUTE
    ..\..\..\..\platform\vendor_bsp\st\STM32F1xx_HAL_Driver\Src\stm32f1xx_hal_rcc_ex.c 0x00000000   Number         0  stm32f1xx_hal_rcc_ex.o ABSOLUTE
    ..\..\..\..\platform\vendor_bsp\st\STM32F1xx_HAL_Driver\Src\stm32f1xx_hal_tim.c 0x00000000   Number         0  stm32f1xx_hal_tim.o ABSOLUTE
    ..\..\..\..\platform\vendor_bsp\st\STM32F1xx_HAL_Driver\Src\stm32f1xx_hal_tim_ex.c 0x00000000   Number         0  stm32f1xx_hal_tim_ex.o ABSOLUTE
    ..\..\..\..\platform\vendor_bsp\st\STM32F1xx_HAL_Driver\Src\stm32f1xx_hal_uart.c 0x00000000   Number         0  stm32f1xx_hal_uart.o ABSOLUTE
    ..\..\BSP\Src\gpio.c                     0x00000000   Number         0  gpio.o ABSOLUTE
    ..\..\BSP\Src\main.c                     0x00000000   Number         0  main.o ABSOLUTE
    ..\..\BSP\Src\mcu_init.c                 0x00000000   Number         0  mcu_init.o ABSOLUTE
    ..\..\BSP\Src\stm32f1xx_hal_msp.c        0x00000000   Number         0  stm32f1xx_hal_msp.o ABSOLUTE
    ..\..\BSP\Src\stm32f1xx_it.c             0x00000000   Number         0  stm32f1xx_it.o ABSOLUTE
    ..\..\BSP\Src\system_stm32f1xx.c         0x00000000   Number         0  system_stm32f1xx.o ABSOLUTE
    ..\..\BSP\Src\usart.c                    0x00000000   Number         0  usart.o ABSOLUTE
    ..\\..\\..\\..\\arch\\arm\\arm-v7m\\common\\tos_cpu.c 0x00000000   Number         0  tos_cpu.o ABSOLUTE
    ..\\..\\..\\..\\arch\\arm\\arm-v7m\\cortex-m3\\armcc\\port_c.c 0x00000000   Number         0  port_c.o ABSOLUTE
    ..\\..\\..\\..\\examples\\hello_world.c  0x00000000   Number         0  hello_world.o ABSOLUTE
    ..\\..\\..\\..\\kernel\\core\\tos_event.c 0x00000000   Number         0  tos_event.o ABSOLUTE
    ..\\..\\..\\..\\kernel\\core\\tos_fifo.c 0x00000000   Number         0  tos_fifo.o ABSOLUTE
    ..\\..\\..\\..\\kernel\\core\\tos_global.c 0x00000000   Number         0  tos_global.o ABSOLUTE
    ..\\..\\..\\..\\kernel\\core\\tos_mmblk.c 0x00000000   Number         0  tos_mmblk.o ABSOLUTE
    ..\\..\\..\\..\\kernel\\core\\tos_mmheap.c 0x00000000   Number         0  tos_mmheap.o ABSOLUTE
    ..\\..\\..\\..\\kernel\\core\\tos_msg.c  0x00000000   Number         0  tos_msg.o ABSOLUTE
    ..\\..\\..\\..\\kernel\\core\\tos_mutex.c 0x00000000   Number         0  tos_mutex.o ABSOLUTE
    ..\\..\\..\\..\\kernel\\core\\tos_pend.c 0x00000000   Number         0  tos_pend.o ABSOLUTE
    ..\\..\\..\\..\\kernel\\core\\tos_queue.c 0x00000000   Number         0  tos_queue.o ABSOLUTE
    ..\\..\\..\\..\\kernel\\core\\tos_robin.c 0x00000000   Number         0  tos_robin.o ABSOLUTE
    ..\\..\\..\\..\\kernel\\core\\tos_sched.c 0x00000000   Number         0  tos_sched.o ABSOLUTE
    ..\\..\\..\\..\\kernel\\core\\tos_sem.c  0x00000000   Number         0  tos_sem.o ABSOLUTE
    ..\\..\\..\\..\\kernel\\core\\tos_sys.c  0x00000000   Number         0  tos_sys.o ABSOLUTE
    ..\\..\\..\\..\\kernel\\core\\tos_task.c 0x00000000   Number         0  tos_task.o ABSOLUTE
    ..\\..\\..\\..\\kernel\\core\\tos_tick.c 0x00000000   Number         0  tos_tick.o ABSOLUTE
    ..\\..\\..\\..\\kernel\\core\\tos_time.c 0x00000000   Number         0  tos_time.o ABSOLUTE
    ..\\..\\..\\..\\kernel\\core\\tos_timer.c 0x00000000   Number         0  tos_timer.o ABSOLUTE
    ..\\..\\..\\..\\osal\\cmsis_os\\cmsis_os.c 0x00000000   Number         0  cmsis_os.o ABSOLUTE
    ..\\..\\..\\..\\platform\\vendor_bsp\\st\\STM32F1xx_HAL_Driver\\Src\\stm32f1xx_hal.c 0x00000000   Number         0  stm32f1xx_hal.o ABSOLUTE
    ..\\..\\..\\..\\platform\\vendor_bsp\\st\\STM32F1xx_HAL_Driver\\Src\\stm32f1xx_hal_cortex.c 0x00000000   Number         0  stm32f1xx_hal_cortex.o ABSOLUTE
    ..\\..\\..\\..\\platform\\vendor_bsp\\st\\STM32F1xx_HAL_Driver\\Src\\stm32f1xx_hal_dma.c 0x00000000   Number         0  stm32f1xx_hal_dma.o ABSOLUTE
    ..\\..\\..\\..\\platform\\vendor_bsp\\st\\STM32F1xx_HAL_Driver\\Src\\stm32f1xx_hal_exti.c 0x00000000   Number         0  stm32f1xx_hal_exti.o ABSOLUTE
    ..\\..\\..\\..\\platform\\vendor_bsp\\st\\STM32F1xx_HAL_Driver\\Src\\stm32f1xx_hal_flash.c 0x00000000   Number         0  stm32f1xx_hal_flash.o ABSOLUTE
    ..\\..\\..\\..\\platform\\vendor_bsp\\st\\STM32F1xx_HAL_Driver\\Src\\stm32f1xx_hal_flash_ex.c 0x00000000   Number         0  stm32f1xx_hal_flash_ex.o ABSOLUTE
    ..\\..\\..\\..\\platform\\vendor_bsp\\st\\STM32F1xx_HAL_Driver\\Src\\stm32f1xx_hal_gpio.c 0x00000000   Number         0  stm32f1xx_hal_gpio.o ABSOLUTE
    ..\\..\\..\\..\\platform\\vendor_bsp\\st\\STM32F1xx_HAL_Driver\\Src\\stm32f1xx_hal_gpio_ex.c 0x00000000   Number         0  stm32f1xx_hal_gpio_ex.o ABSOLUTE
    ..\\..\\..\\..\\platform\\vendor_bsp\\st\\STM32F1xx_HAL_Driver\\Src\\stm32f1xx_hal_pwr.c 0x00000000   Number         0  stm32f1xx_hal_pwr.o ABSOLUTE
    ..\\..\\..\\..\\platform\\vendor_bsp\\st\\STM32F1xx_HAL_Driver\\Src\\stm32f1xx_hal_rcc.c 0x00000000   Number         0  stm32f1xx_hal_rcc.o ABSOLUTE
    ..\\..\\..\\..\\platform\\vendor_bsp\\st\\STM32F1xx_HAL_Driver\\Src\\stm32f1xx_hal_rcc_ex.c 0x00000000   Number         0  stm32f1xx_hal_rcc_ex.o ABSOLUTE
    ..\\..\\..\\..\\platform\\vendor_bsp\\st\\STM32F1xx_HAL_Driver\\Src\\stm32f1xx_hal_tim.c 0x00000000   Number         0  stm32f1xx_hal_tim.o ABSOLUTE
    ..\\..\\..\\..\\platform\\vendor_bsp\\st\\STM32F1xx_HAL_Driver\\Src\\stm32f1xx_hal_tim_ex.c 0x00000000   Number         0  stm32f1xx_hal_tim_ex.o ABSOLUTE
    ..\\..\\..\\..\\platform\\vendor_bsp\\st\\STM32F1xx_HAL_Driver\\Src\\stm32f1xx_hal_uart.c 0x00000000   Number         0  stm32f1xx_hal_uart.o ABSOLUTE
    ..\\..\\BSP\\Src\\gpio.c                 0x00000000   Number         0  gpio.o ABSOLUTE
    ..\\..\\BSP\\Src\\main.c                 0x00000000   Number         0  main.o ABSOLUTE
    ..\\..\\BSP\\Src\\mcu_init.c             0x00000000   Number         0  mcu_init.o ABSOLUTE
    ..\\..\\BSP\\Src\\stm32f1xx_hal_msp.c    0x00000000   Number         0  stm32f1xx_hal_msp.o ABSOLUTE
    ..\\..\\BSP\\Src\\stm32f1xx_it.c         0x00000000   Number         0  stm32f1xx_it.o ABSOLUTE
    ..\\..\\BSP\\Src\\system_stm32f1xx.c     0x00000000   Number         0  system_stm32f1xx.o ABSOLUTE
    ..\\..\\BSP\\Src\\usart.c                0x00000000   Number         0  usart.o ABSOLUTE
    cdrcmple.s                               0x00000000   Number         0  cdrcmple.o ABSOLUTE
    dc.s                                     0x00000000   Number         0  dc.o ABSOLUTE
    handlers.s                               0x00000000   Number         0  handlers.o ABSOLUTE
    init.s                                   0x00000000   Number         0  init.o ABSOLUTE
    startup_stm32f103xe.s                    0x00000000   Number         0  startup_stm32f103xe.o ABSOLUTE
    RESET                                    0x08000000   Section      304  startup_stm32f103xe.o(RESET)
    .ARM.Collect$$$$00000000                 0x08000130   Section        0  entry.o(.ARM.Collect$$$$00000000)
    .ARM.Collect$$$$00000001                 0x08000130   Section        4  entry2.o(.ARM.Collect$$$$00000001)
    .ARM.Collect$$$$00000004                 0x08000134   Section        4  entry5.o(.ARM.Collect$$$$00000004)
    .ARM.Collect$$$$00000008                 0x08000138   Section        0  entry7b.o(.ARM.Collect$$$$00000008)
    .ARM.Collect$$$$0000000A                 0x08000138   Section        0  entry8b.o(.ARM.Collect$$$$0000000A)
    .ARM.Collect$$$$0000000B                 0x08000138   Section        8  entry9a.o(.ARM.Collect$$$$0000000B)
    .ARM.Collect$$$$0000000D                 0x08000140   Section        0  entry10a.o(.ARM.Collect$$$$0000000D)
    .ARM.Collect$$$$0000000F                 0x08000140   Section        0  entry11a.o(.ARM.Collect$$$$0000000F)
    .ARM.Collect$$$$00002712                 0x08000140   Section        4  entry2.o(.ARM.Collect$$$$00002712)
    __lit__00000000                          0x08000140   Data           4  entry2.o(.ARM.Collect$$$$00002712)
    .text                                    0x08000144   Section       36  startup_stm32f103xe.o(.text)
    .text                                    0x08000168   Section      140  port_s.o(.text)
    .text                                    0x080001f4   Section        0  uldiv.o(.text)
    .text                                    0x08000256   Section        0  llushr.o(.text)
    .text                                    0x08000276   Section        0  memseta.o(.text)
    .text                                    0x0800029a   Section        0  uidiv.o(.text)
    .text                                    0x080002c6   Section        0  llshl.o(.text)
    .text                                    0x080002e4   Section       36  init.o(.text)
    i.BusFault_Handler                       0x08000308   Section        0  stm32f1xx_it.o(i.BusFault_Handler)
    i.DebugMon_Handler                       0x0800030a   Section        0  stm32f1xx_it.o(i.DebugMon_Handler)
    i.Error_Handler                          0x0800030c   Section        0  mcu_init.o(i.Error_Handler)
    i.HAL_GPIO_Init                          0x08000310   Section        0  stm32f1xx_hal_gpio.o(i.HAL_GPIO_Init)
    i.HAL_GPIO_WritePin                      0x08000508   Section        0  stm32f1xx_hal_gpio.o(i.HAL_GPIO_WritePin)
    i.HAL_GetTick                            0x08000514   Section        0  stm32f1xx_hal.o(i.HAL_GetTick)
    i.HAL_IncTick                            0x08000520   Section        0  stm32f1xx_hal.o(i.HAL_IncTick)
    i.HAL_Init                               0x08000530   Section        0  stm32f1xx_hal.o(i.HAL_Init)
    i.HAL_InitTick                           0x08000554   Section        0  stm32f1xx_hal.o(i.HAL_InitTick)
    i.HAL_MspInit                            0x08000594   Section        0  stm32f1xx_hal_msp.o(i.HAL_MspInit)
    i.HAL_NVIC_SetPriority                   0x080005d0   Section        0  stm32f1xx_hal_cortex.o(i.HAL_NVIC_SetPriority)
    i.HAL_NVIC_SetPriorityGrouping           0x08000610   Section        0  stm32f1xx_hal_cortex.o(i.HAL_NVIC_SetPriorityGrouping)
    i.HAL_RCC_ClockConfig                    0x08000634   Section        0  stm32f1xx_hal_rcc.o(i.HAL_RCC_ClockConfig)
    i.HAL_RCC_GetPCLK1Freq                   0x08000760   Section        0  stm32f1xx_hal_rcc.o(i.HAL_RCC_GetPCLK1Freq)
    i.HAL_RCC_GetPCLK2Freq                   0x08000780   Section        0  stm32f1xx_hal_rcc.o(i.HAL_RCC_GetPCLK2Freq)
    i.HAL_RCC_GetSysClockFreq                0x080007a0   Section        0  stm32f1xx_hal_rcc.o(i.HAL_RCC_GetSysClockFreq)
    i.HAL_RCC_OscConfig                      0x0800080c   Section        0  stm32f1xx_hal_rcc.o(i.HAL_RCC_OscConfig)
    i.HAL_SYSTICK_Config                     0x08000b2c   Section        0  stm32f1xx_hal_cortex.o(i.HAL_SYSTICK_Config)
    i.HAL_UART_Init                          0x08000b54   Section        0  stm32f1xx_hal_uart.o(i.HAL_UART_Init)
    i.HAL_UART_MspInit                       0x08000bb8   Section        0  usart.o(i.HAL_UART_MspInit)
    i.HAL_UART_Transmit                      0x08000c28   Section        0  stm32f1xx_hal_uart.o(i.HAL_UART_Transmit)
    i.HardFault_Handler                      0x08000ce2   Section        0  stm32f1xx_it.o(i.HardFault_Handler)
    i.MX_GPIO_Init                           0x08000ce4   Section        0  gpio.o(i.MX_GPIO_Init)
    i.MX_USART1_UART_Init                    0x08000d7c   Section        0  usart.o(i.MX_USART1_UART_Init)
    i.MemManage_Handler                      0x08000db4   Section        0  stm32f1xx_it.o(i.MemManage_Handler)
    i.NMI_Handler                            0x08000db6   Section        0  stm32f1xx_it.o(i.NMI_Handler)
    i.NVIC_SetPriority                       0x08000db8   Section        0  stm32f1xx_hal_cortex.o(i.NVIC_SetPriority)
    NVIC_SetPriority                         0x08000db9   Thumb Code    32  stm32f1xx_hal_cortex.o(i.NVIC_SetPriority)
    i.NVIC_SetPriority                       0x08000dd8   Section        0  port_c.o(i.NVIC_SetPriority)
    NVIC_SetPriority                         0x08000dd9   Thumb Code    32  port_c.o(i.NVIC_SetPriority)
    i.SVC_Handler                            0x08000df8   Section        0  stm32f1xx_it.o(i.SVC_Handler)
    i.SysTick_Handler                        0x08000dfa   Section        0  stm32f1xx_it.o(i.SysTick_Handler)
    i.SystemClock_Config                     0x08000e1a   Section        0  mcu_init.o(i.SystemClock_Config)
    i.SystemInit                             0x08000e68   Section        0  system_stm32f1xx.o(i.SystemInit)
    i.UART_SetConfig                         0x08000eb0   Section        0  stm32f1xx_hal_uart.o(i.UART_SetConfig)
    UART_SetConfig                           0x08000eb1   Thumb Code   178  stm32f1xx_hal_uart.o(i.UART_SetConfig)
    i.UART_WaitOnFlagUntilTimeout            0x08000f68   Section        0  stm32f1xx_hal_uart.o(i.UART_WaitOnFlagUntilTimeout)
    UART_WaitOnFlagUntilTimeout              0x08000f69   Thumb Code   100  stm32f1xx_hal_uart.o(i.UART_WaitOnFlagUntilTimeout)
    i.UsageFault_Handler                     0x08000fcc   Section        0  stm32f1xx_it.o(i.UsageFault_Handler)
    i.__0printf$3                            0x08000fd0   Section        0  printf3.o(i.__0printf$3)
    i.__fls                                  0x08000ff0   Section        0  tos_mmheap.o(i.__fls)
    __fls                                    0x08000ff1   Thumb Code    12  tos_mmheap.o(i.__fls)
    i.__scatterload_copy                     0x08000ffc   Section       14  handlers.o(i.__scatterload_copy)
    i.__scatterload_null                     0x0800100a   Section        2  handlers.o(i.__scatterload_null)
    i.__scatterload_zeroinit                 0x0800100c   Section       14  handlers.o(i.__scatterload_zeroinit)
    i._list_add                              0x0800101a   Section        0  tos_msg.o(i._list_add)
    _list_add                                0x0800101b   Thumb Code    10  tos_msg.o(i._list_add)
    i._list_add                              0x08001024   Section        0  tos_sched.o(i._list_add)
    _list_add                                0x08001025   Thumb Code    10  tos_sched.o(i._list_add)
    i._printf_core                           0x08001030   Section        0  printf3.o(i._printf_core)
    _printf_core                             0x08001031   Thumb Code   436  printf3.o(i._printf_core)
    i.application_entry                      0x080011e8   Section        0  hello_world.o(i.application_entry)
    i.blk_insert                             0x08001204   Section        0  tos_mmheap.o(i.blk_insert)
    blk_insert                               0x08001205   Thumb Code    68  tos_mmheap.o(i.blk_insert)
    i.blk_link_next                          0x0800124c   Section        0  tos_mmheap.o(i.blk_link_next)
    blk_link_next                            0x0800124d   Thumb Code    12  tos_mmheap.o(i.blk_link_next)
    i.blk_next                               0x08001258   Section        0  tos_mmheap.o(i.blk_next)
    blk_next                                 0x08001259   Thumb Code    16  tos_mmheap.o(i.blk_next)
    i.board_init                             0x08001268   Section        0  mcu_init.o(i.board_init)
    i.cpu_context_switch                     0x0800127e   Section        0  tos_cpu.o(i.cpu_context_switch)
    i.cpu_init                               0x08001284   Section        0  tos_cpu.o(i.cpu_init)
    i.cpu_irq_context_switch                 0x080012b0   Section        0  tos_cpu.o(i.cpu_irq_context_switch)
    i.cpu_sched_start                        0x080012b4   Section        0  tos_cpu.o(i.cpu_sched_start)
    i.cpu_systick_init                       0x080012b8   Section        0  tos_cpu.o(i.cpu_systick_init)
    i.cpu_task_stk_init                      0x080012cc   Section        0  tos_cpu.o(i.cpu_task_stk_init)
    i.errno_knl2cmsis                        0x08001334   Section        0  cmsis_os.o(i.errno_knl2cmsis)
    errno_knl2cmsis                          0x08001335   Thumb Code     8  cmsis_os.o(i.errno_knl2cmsis)
    i.fputc                                  0x0800133c   Section        0  mcu_init.o(i.fputc)
    i.knl_idle_entry                         0x0800136c   Section        0  tos_sys.o(i.knl_idle_entry)
    knl_idle_entry                           0x0800136d   Thumb Code     2  tos_sys.o(i.knl_idle_entry)
    i.knl_idle_init                          0x08001370   Section        0  tos_sys.o(i.knl_idle_init)
    i.knl_is_idle                            0x080013a8   Section        0  tos_sys.o(i.knl_is_idle)
    i.knl_is_inirq                           0x080013bc   Section        0  tos_sys.o(i.knl_is_inirq)
    i.knl_is_sched_locked                    0x080013cc   Section        0  tos_sys.o(i.knl_is_sched_locked)
    i.knl_is_self                            0x080013dc   Section        0  tos_sys.o(i.knl_is_self)
    i.knl_sched                              0x080013f0   Section        0  tos_sys.o(i.knl_sched)
    i.main                                   0x08001438   Section        0  main.o(i.main)
    i.mapping_insert                         0x08001478   Section        0  tos_mmheap.o(i.mapping_insert)
    mapping_insert                           0x08001479   Thumb Code    44  tos_mmheap.o(i.mapping_insert)
    i.mmheap_init                            0x080014a4   Section        0  tos_mmheap.o(i.mmheap_init)
    i.msgpool_init                           0x080014dc   Section        0  tos_msg.o(i.msgpool_init)
    i.mutex_old_owner_release                0x08001504   Section        0  tos_mutex.o(i.mutex_old_owner_release)
    mutex_old_owner_release                  0x08001505   Thumb Code    58  tos_mutex.o(i.mutex_old_owner_release)
    i.mutex_release                          0x0800153e   Section        0  tos_mutex.o(i.mutex_release)
    i.osDelay                                0x08001554   Section        0  cmsis_os.o(i.osDelay)
    i.osKernelInitialize                     0x08001574   Section        0  cmsis_os.o(i.osKernelInitialize)
    i.osKernelStart                          0x08001582   Section        0  cmsis_os.o(i.osKernelStart)
    i.osThreadCreate                         0x08001590   Section        0  cmsis_os.o(i.osThreadCreate)
    i.pend_highest_prio_get                  0x080015c2   Section        0  tos_pend.o(i.pend_highest_prio_get)
    i.pend_list_add                          0x080015d6   Section        0  tos_pend.o(i.pend_list_add)
    pend_list_add                            0x080015d7   Thumb Code    52  tos_pend.o(i.pend_list_add)
    i.pend_list_adjust                       0x0800160a   Section        0  tos_pend.o(i.pend_list_adjust)
    i.pend_list_remove                       0x08001618   Section        0  tos_pend.o(i.pend_list_remove)
    i.pend_task_wakeup                       0x0800162e   Section        0  tos_pend.o(i.pend_task_wakeup)
    i.pend_wakeup_all                        0x08001660   Section        0  tos_pend.o(i.pend_wakeup_all)
    i.port_systick_config                    0x08001680   Section        0  port_c.o(i.port_systick_config)
    i.port_systick_priority_set              0x080016a2   Section        0  port_c.o(i.port_systick_priority_set)
    i.priority_cmsis2knl                     0x080016ac   Section        0  cmsis_os.o(i.priority_cmsis2knl)
    priority_cmsis2knl                       0x080016ad   Thumb Code    16  cmsis_os.o(i.priority_cmsis2knl)
    i.readyqueue_add                         0x080016bc   Section        0  tos_sched.o(i.readyqueue_add)
    i.readyqueue_add_head                    0x080016d4   Section        0  tos_sched.o(i.readyqueue_add_head)
    i.readyqueue_add_tail                    0x08001700   Section        0  tos_sched.o(i.readyqueue_add_tail)
    i.readyqueue_first_task_get              0x08001728   Section        0  tos_sched.o(i.readyqueue_first_task_get)
    i.readyqueue_highest_ready_task_get      0x08001740   Section        0  tos_sched.o(i.readyqueue_highest_ready_task_get)
    i.readyqueue_init                        0x08001754   Section        0  tos_sched.o(i.readyqueue_init)
    i.readyqueue_is_prio_onlyone             0x08001788   Section        0  tos_sched.o(i.readyqueue_is_prio_onlyone)
    i.readyqueue_move_head_to_tail           0x080017a4   Section        0  tos_sched.o(i.readyqueue_move_head_to_tail)
    i.readyqueue_prio_mark                   0x080017c4   Section        0  tos_sched.o(i.readyqueue_prio_mark)
    readyqueue_prio_mark                     0x080017c5   Thumb Code    42  tos_sched.o(i.readyqueue_prio_mark)
    i.readyqueue_remove                      0x080017f4   Section        0  tos_sched.o(i.readyqueue_remove)
    i.robin_sched                            0x08001854   Section        0  tos_robin.o(i.robin_sched)
    i.task1                                  0x080018c0   Section        0  hello_world.o(i.task1)
    i.task2                                  0x080018f0   Section        0  hello_world.o(i.task2)
    i.task_exit                              0x08001920   Section        0  tos_task.o(i.task_exit)
    task_exit                                0x08001921   Thumb Code     6  tos_task.o(i.task_exit)
    i.task_reset                             0x08001926   Section        0  tos_task.o(i.task_reset)
    task_reset                               0x08001927   Thumb Code    38  tos_task.o(i.task_reset)
    i.tick_list_add                          0x0800194c   Section        0  tos_tick.o(i.tick_list_add)
    i.tick_list_remove                       0x0800197c   Section        0  tos_tick.o(i.tick_list_remove)
    i.tick_task_place                        0x080019f0   Section        0  tos_tick.o(i.tick_task_place)
    tick_task_place                          0x080019f1   Thumb Code   148  tos_tick.o(i.tick_task_place)
    i.tick_update                            0x08001a88   Section        0  tos_tick.o(i.tick_update)
    i.timer_init                             0x08001afc   Section        0  tos_timer.o(i.timer_init)
    i.timer_place                            0x08001b00   Section        0  tos_timer.o(i.timer_place)
    timer_place                              0x08001b01   Thumb Code   106  tos_timer.o(i.timer_place)
    i.timer_takeoff                          0x08001b74   Section        0  tos_timer.o(i.timer_takeoff)
    timer_takeoff                            0x08001b75   Thumb Code    68  tos_timer.o(i.timer_takeoff)
    i.timer_update                           0x08001bbc   Section        0  tos_timer.o(i.timer_update)
    i.tos_cpu_clz                            0x08001c38   Section        0  tos_cpu.o(i.tos_cpu_clz)
    i.tos_cpu_cpsr_restore                   0x08001c3c   Section        0  tos_cpu.o(i.tos_cpu_cpsr_restore)
    i.tos_cpu_cpsr_save                      0x08001c40   Section        0  tos_cpu.o(i.tos_cpu_cpsr_save)
    i.tos_knl_init                           0x08001c44   Section        0  tos_sys.o(i.tos_knl_init)
    i.tos_knl_irq_enter                      0x08001c74   Section        0  tos_sys.o(i.tos_knl_irq_enter)
    i.tos_knl_irq_leave                      0x08001c94   Section        0  tos_sys.o(i.tos_knl_irq_leave)
    i.tos_knl_is_running                     0x08001cf0   Section        0  tos_sys.o(i.tos_knl_is_running)
    i.tos_knl_sched_lock                     0x08001d00   Section        0  tos_sys.o(i.tos_knl_sched_lock)
    i.tos_knl_sched_unlock                   0x08001d48   Section        0  tos_sys.o(i.tos_knl_sched_unlock)
    i.tos_knl_start                          0x08001d94   Section        0  tos_sys.o(i.tos_knl_start)
    i.tos_list_add                           0x08001dc8   Section        0  tos_msg.o(i.tos_list_add)
    tos_list_add                             0x08001dc9   Thumb Code     6  tos_msg.o(i.tos_list_add)
    i.tos_list_add_tail                      0x08001dce   Section        0  tos_sched.o(i.tos_list_add_tail)
    tos_list_add_tail                        0x08001dcf   Thumb Code    10  tos_sched.o(i.tos_list_add_tail)
    i.tos_list_empty                         0x08001dd8   Section        0  tos_tick.o(i.tos_list_empty)
    tos_list_empty                           0x08001dd9   Thumb Code    14  tos_tick.o(i.tos_list_empty)
    i.tos_millisec2tick                      0x08001de6   Section        0  tos_time.o(i.tos_millisec2tick)
    i.tos_mmheap_pool_add                    0x08001df8   Section        0  tos_mmheap.o(i.tos_mmheap_pool_add)
    i.tos_task_create                        0x08001e4c   Section        0  tos_task.o(i.tos_task_create)
    i.tos_task_delay                         0x08001f04   Section        0  tos_task.o(i.tos_task_delay)
    i.tos_task_destroy                       0x08001f64   Section        0  tos_task.o(i.tos_task_destroy)
    i.tos_task_prio_change                   0x0800200c   Section        0  tos_task.o(i.tos_task_prio_change)
    i.tos_task_yield                         0x080020b8   Section        0  tos_task.o(i.tos_task_yield)
    i.tos_tick_handler                       0x080020ec   Section        0  tos_tick.o(i.tos_tick_handler)
    .constdata                               0x08002118   Section       32  main.o(.constdata)
    .constdata                               0x08002138   Section       16  system_stm32f1xx.o(.constdata)
    .constdata                               0x08002148   Section        8  system_stm32f1xx.o(.constdata)
    .constdata                               0x08002150   Section        4  tos_global.o(.constdata)
    .constdata                               0x08002154   Section        4  tos_global.o(.constdata)
    .constdata                               0x08002158   Section       64  hello_world.o(.constdata)
    .conststring                             0x08002198   Section       18  main.o(.conststring)
    .conststring                             0x080021ac   Section       14  hello_world.o(.conststring)
    .data                                    0x20000000   Section       12  stm32f1xx_hal.o(.data)
    .data                                    0x2000000c   Section        4  system_stm32f1xx.o(.data)
    .data                                    0x20000010   Section        1  tos_global.o(.data)
    .data                                    0x20000011   Section        1  tos_global.o(.data)
    .data                                    0x20000012   Section        1  tos_global.o(.data)
    .data                                    0x20000018   Section        8  tos_global.o(.data)
    .data                                    0x20000020   Section        4  tos_global.o(.data)
    .data                                    0x20000024   Section        4  tos_global.o(.data)
    .data                                    0x20000028   Section        8  tos_global.o(.data)
    .data                                    0x20000030   Section        4  tos_global.o(.data)
    .data                                    0x20000034   Section        8  tos_global.o(.data)
    .data                                    0x2000003c   Section        4  tos_global.o(.data)
    .data                                    0x20000040   Section       16  tos_global.o(.data)
    .data                                    0x20000050   Section        8  tos_global.o(.data)
    .data                                    0x20000058   Section        4  stdout.o(.data)
    .bss                                     0x20000060   Section      104  main.o(.bss)
    .bss                                     0x200000c8   Section     1024  main.o(.bss)
    .bss                                     0x200004c8   Section       64  usart.o(.bss)
    .bss                                     0x20000508   Section       88  tos_global.o(.bss)
    .bss                                     0x20000560   Section      104  tos_global.o(.bss)
    .bss                                     0x200005c8   Section       80  tos_global.o(.bss)
    .bss                                     0x20000618   Section    24576  tos_global.o(.bss)
    .bss                                     0x20006618   Section     3188  tos_global.o(.bss)
    .bss                                     0x2000728c   Section      160  tos_global.o(.bss)
    .bss                                     0x20007330   Section      104  hello_world.o(.bss)
    .bss                                     0x20007398   Section      512  hello_world.o(.bss)
    .bss                                     0x20007598   Section      104  hello_world.o(.bss)
    .bss                                     0x20007600   Section      512  hello_world.o(.bss)
    STACK                                    0x20007800   Section     1024  startup_stm32f103xe.o(STACK)

    Global Symbols

    Symbol Name                              Value     Ov Type        Size  Object(Section)

    BuildAttributes$$THM_ISAv4$P$D$K$B$S$PE$A:L22UL41UL21$X:L11$S22US41US21$IEEE1$IW$USESV6$~STKCKD$USESV7$~SHL$OSPACE$ROPI$EBA8$MICROLIB$REQ8$PRES8$EABIv2 0x00000000   Number         0  anon$$obj.o ABSOLUTE
    __ARM_use_no_argv                        0x00000000   Number         0  main.o ABSOLUTE
    _printf_a                                0x00000000   Number         0  stubs.o ABSOLUTE
    _printf_c                                0x00000000   Number         0  stubs.o ABSOLUTE
    _printf_charcount                        0x00000000   Number         0  stubs.o ABSOLUTE
    _printf_d                                0x00000000   Number         0  stubs.o ABSOLUTE
    _printf_e                                0x00000000   Number         0  stubs.o ABSOLUTE
    _printf_f                                0x00000000   Number         0  stubs.o ABSOLUTE
    _printf_flags                            0x00000000   Number         0  stubs.o ABSOLUTE
    _printf_fp_dec                           0x00000000   Number         0  stubs.o ABSOLUTE
    _printf_fp_hex                           0x00000000   Number         0  stubs.o ABSOLUTE
    _printf_g                                0x00000000   Number         0  stubs.o ABSOLUTE
    _printf_i                                0x00000000   Number         0  stubs.o ABSOLUTE
    _printf_int_dec                          0x00000000   Number         0  stubs.o ABSOLUTE
    _printf_l                                0x00000000   Number         0  stubs.o ABSOLUTE
    _printf_lc                               0x00000000   Number         0  stubs.o ABSOLUTE
    _printf_ll                               0x00000000   Number         0  stubs.o ABSOLUTE
    _printf_lld                              0x00000000   Number         0  stubs.o ABSOLUTE
    _printf_lli                              0x00000000   Number         0  stubs.o ABSOLUTE
    _printf_llo                              0x00000000   Number         0  stubs.o ABSOLUTE
    _printf_llu                              0x00000000   Number         0  stubs.o ABSOLUTE
    _printf_llx                              0x00000000   Number         0  stubs.o ABSOLUTE
    _printf_longlong_dec                     0x00000000   Number         0  stubs.o ABSOLUTE
    _printf_longlong_hex                     0x00000000   Number         0  stubs.o ABSOLUTE
    _printf_longlong_oct                     0x00000000   Number         0  stubs.o ABSOLUTE
    _printf_ls                               0x00000000   Number         0  stubs.o ABSOLUTE
    _printf_mbtowc                           0x00000000   Number         0  stubs.o ABSOLUTE
    _printf_n                                0x00000000   Number         0  stubs.o ABSOLUTE
    _printf_o                                0x00000000   Number         0  stubs.o ABSOLUTE
    _printf_p                                0x00000000   Number         0  stubs.o ABSOLUTE
    _printf_percent                          0x00000000   Number         0  stubs.o ABSOLUTE
    _printf_pre_padding                      0x00000000   Number         0  stubs.o ABSOLUTE
    _printf_return_value                     0x00000000   Number         0  stubs.o ABSOLUTE
    _printf_s                                0x00000000   Number         0  stubs.o ABSOLUTE
    _printf_sizespec                         0x00000000   Number         0  stubs.o ABSOLUTE
    _printf_str                              0x00000000   Number         0  stubs.o ABSOLUTE
    _printf_truncate_signed                  0x00000000   Number         0  stubs.o ABSOLUTE
    _printf_truncate_unsigned                0x00000000   Number         0  stubs.o ABSOLUTE
    _printf_u                                0x00000000   Number         0  stubs.o ABSOLUTE
    _printf_wc                               0x00000000   Number         0  stubs.o ABSOLUTE
    _printf_wctomb                           0x00000000   Number         0  stubs.o ABSOLUTE
    _printf_widthprec                        0x00000000   Number         0  stubs.o ABSOLUTE
    _printf_x                                0x00000000   Number         0  stubs.o ABSOLUTE
    __cpp_initialize__aeabi_                  - Undefined Weak Reference
    __cxa_finalize                            - Undefined Weak Reference
    __decompress                              - Undefined Weak Reference
    _clock_init                               - Undefined Weak Reference
    _microlib_exit                            - Undefined Weak Reference
    __Vectors_Size                           0x00000130   Number         0  startup_stm32f103xe.o ABSOLUTE
    __Vectors                                0x08000000   Data           4  startup_stm32f103xe.o(RESET)
    __Vectors_End                            0x08000130   Data           0  startup_stm32f103xe.o(RESET)
    __main                                   0x08000131   Thumb Code     0  entry.o(.ARM.Collect$$$$00000000)
    _main_stk                                0x08000131   Thumb Code     0  entry2.o(.ARM.Collect$$$$00000001)
    _main_scatterload                        0x08000135   Thumb Code     0  entry5.o(.ARM.Collect$$$$00000004)
    __main_after_scatterload                 0x08000139   Thumb Code     0  entry5.o(.ARM.Collect$$$$00000004)
    _main_clock                              0x08000139   Thumb Code     0  entry7b.o(.ARM.Collect$$$$00000008)
    _main_cpp_init                           0x08000139   Thumb Code     0  entry8b.o(.ARM.Collect$$$$0000000A)
    _main_init                               0x08000139   Thumb Code     0  entry9a.o(.ARM.Collect$$$$0000000B)
    __rt_final_cpp                           0x08000141   Thumb Code     0  entry10a.o(.ARM.Collect$$$$0000000D)
    __rt_final_exit                          0x08000141   Thumb Code     0  entry11a.o(.ARM.Collect$$$$0000000F)
    Reset_Handler                            0x08000145   Thumb Code     8  startup_stm32f103xe.o(.text)
    ADC1_2_IRQHandler                        0x0800015f   Thumb Code     0  startup_stm32f103xe.o(.text)
    ADC3_IRQHandler                          0x0800015f   Thumb Code     0  startup_stm32f103xe.o(.text)
    CAN1_RX1_IRQHandler                      0x0800015f   Thumb Code     0  startup_stm32f103xe.o(.text)
    CAN1_SCE_IRQHandler                      0x0800015f   Thumb Code     0  startup_stm32f103xe.o(.text)
    DMA1_Channel1_IRQHandler                 0x0800015f   Thumb Code     0  startup_stm32f103xe.o(.text)
    DMA1_Channel2_IRQHandler                 0x0800015f   Thumb Code     0  startup_stm32f103xe.o(.text)
    DMA1_Channel3_IRQHandler                 0x0800015f   Thumb Code     0  startup_stm32f103xe.o(.text)
    DMA1_Channel4_IRQHandler                 0x0800015f   Thumb Code     0  startup_stm32f103xe.o(.text)
    DMA1_Channel5_IRQHandler                 0x0800015f   Thumb Code     0  startup_stm32f103xe.o(.text)
    DMA1_Channel6_IRQHandler                 0x0800015f   Thumb Code     0  startup_stm32f103xe.o(.text)
    DMA1_Channel7_IRQHandler                 0x0800015f   Thumb Code     0  startup_stm32f103xe.o(.text)
    DMA2_Channel1_IRQHandler                 0x0800015f   Thumb Code     0  startup_stm32f103xe.o(.text)
    DMA2_Channel2_IRQHandler                 0x0800015f   Thumb Code     0  startup_stm32f103xe.o(.text)
    DMA2_Channel3_IRQHandler                 0x0800015f   Thumb Code     0  startup_stm32f103xe.o(.text)
    DMA2_Channel4_5_IRQHandler               0x0800015f   Thumb Code     0  startup_stm32f103xe.o(.text)
    EXTI0_IRQHandler                         0x0800015f   Thumb Code     0  startup_stm32f103xe.o(.text)
    EXTI15_10_IRQHandler                     0x0800015f   Thumb Code     0  startup_stm32f103xe.o(.text)
    EXTI1_IRQHandler                         0x0800015f   Thumb Code     0  startup_stm32f103xe.o(.text)
    EXTI2_IRQHandler                         0x0800015f   Thumb Code     0  startup_stm32f103xe.o(.text)
    EXTI3_IRQHandler                         0x0800015f   Thumb Code     0  startup_stm32f103xe.o(.text)
    EXTI4_IRQHandler                         0x0800015f   Thumb Code     0  startup_stm32f103xe.o(.text)
    EXTI9_5_IRQHandler                       0x0800015f   Thumb Code     0  startup_stm32f103xe.o(.text)
    FLASH_IRQHandler                         0x0800015f   Thumb Code     0  startup_stm32f103xe.o(.text)
    FSMC_IRQHandler                          0x0800015f   Thumb Code     0  startup_stm32f103xe.o(.text)
    I2C1_ER_IRQHandler                       0x0800015f   Thumb Code     0  startup_stm32f103xe.o(.text)
    I2C1_EV_IRQHandler                       0x0800015f   Thumb Code     0  startup_stm32f103xe.o(.text)
    I2C2_ER_IRQHandler                       0x0800015f   Thumb Code     0  startup_stm32f103xe.o(.text)
    I2C2_EV_IRQHandler                       0x0800015f   Thumb Code     0  startup_stm32f103xe.o(.text)
    PVD_IRQHandler                           0x0800015f   Thumb Code     0  startup_stm32f103xe.o(.text)
    RCC_IRQHandler                           0x0800015f   Thumb Code     0  startup_stm32f103xe.o(.text)
    RTC_Alarm_IRQHandler                     0x0800015f   Thumb Code     0  startup_stm32f103xe.o(.text)
    RTC_IRQHandler                           0x0800015f   Thumb Code     0  startup_stm32f103xe.o(.text)
    SDIO_IRQHandler                          0x0800015f   Thumb Code     0  startup_stm32f103xe.o(.text)
    SPI1_IRQHandler                          0x0800015f   Thumb Code     0  startup_stm32f103xe.o(.text)
    SPI2_IRQHandler                          0x0800015f   Thumb Code     0  startup_stm32f103xe.o(.text)
    SPI3_IRQHandler                          0x0800015f   Thumb Code     0  startup_stm32f103xe.o(.text)
    TAMPER_IRQHandler                        0x0800015f   Thumb Code     0  startup_stm32f103xe.o(.text)
    TIM1_BRK_IRQHandler                      0x0800015f   Thumb Code     0  startup_stm32f103xe.o(.text)
    TIM1_CC_IRQHandler                       0x0800015f   Thumb Code     0  startup_stm32f103xe.o(.text)
    TIM1_TRG_COM_IRQHandler                  0x0800015f   Thumb Code     0  startup_stm32f103xe.o(.text)
    TIM1_UP_IRQHandler                       0x0800015f   Thumb Code     0  startup_stm32f103xe.o(.text)
    TIM2_IRQHandler                          0x0800015f   Thumb Code     0  startup_stm32f103xe.o(.text)
    TIM3_IRQHandler                          0x0800015f   Thumb Code     0  startup_stm32f103xe.o(.text)
    TIM4_IRQHandler                          0x0800015f   Thumb Code     0  startup_stm32f103xe.o(.text)
    TIM5_IRQHandler                          0x0800015f   Thumb Code     0  startup_stm32f103xe.o(.text)
    TIM6_IRQHandler                          0x0800015f   Thumb Code     0  startup_stm32f103xe.o(.text)
    TIM7_IRQHandler                          0x0800015f   Thumb Code     0  startup_stm32f103xe.o(.text)
    TIM8_BRK_IRQHandler                      0x0800015f   Thumb Code     0  startup_stm32f103xe.o(.text)
    TIM8_CC_IRQHandler                       0x0800015f   Thumb Code     0  startup_stm32f103xe.o(.text)
    TIM8_TRG_COM_IRQHandler                  0x0800015f   Thumb Code     0  startup_stm32f103xe.o(.text)
    TIM8_UP_IRQHandler                       0x0800015f   Thumb Code     0  startup_stm32f103xe.o(.text)
    UART4_IRQHandler                         0x0800015f   Thumb Code     0  startup_stm32f103xe.o(.text)
    UART5_IRQHandler                         0x0800015f   Thumb Code     0  startup_stm32f103xe.o(.text)
    USART1_IRQHandler                        0x0800015f   Thumb Code     0  startup_stm32f103xe.o(.text)
    USART2_IRQHandler                        0x0800015f   Thumb Code     0  startup_stm32f103xe.o(.text)
    USART3_IRQHandler                        0x0800015f   Thumb Code     0  startup_stm32f103xe.o(.text)
    USBWakeUp_IRQHandler                     0x0800015f   Thumb Code     0  startup_stm32f103xe.o(.text)
    USB_HP_CAN1_TX_IRQHandler                0x0800015f   Thumb Code     0  startup_stm32f103xe.o(.text)
    USB_LP_CAN1_RX0_IRQHandler               0x0800015f   Thumb Code     0  startup_stm32f103xe.o(.text)
    WWDG_IRQHandler                          0x0800015f   Thumb Code     0  startup_stm32f103xe.o(.text)
    port_int_disable                         0x08000169   Thumb Code     0  port_s.o(.text)
    port_int_enable                          0x0800016d   Thumb Code     0  port_s.o(.text)
    port_cpsr_save                           0x08000171   Thumb Code     0  port_s.o(.text)
    port_cpsr_restore                        0x08000179   Thumb Code     0  port_s.o(.text)
    port_clz                                 0x0800017f   Thumb Code     0  port_s.o(.text)
    port_sched_start                         0x08000185   Thumb Code     0  port_s.o(.text)
    port_context_switch                      0x0800019f   Thumb Code     0  port_s.o(.text)
    port_irq_context_switch                  0x080001a9   Thumb Code     0  port_s.o(.text)
    PendSV_Handler                           0x080001b3   Thumb Code     0  port_s.o(.text)
    __aeabi_uldivmod                         0x080001f5   Thumb Code    98  uldiv.o(.text)
    __aeabi_llsr                             0x08000257   Thumb Code    32  llushr.o(.text)
    _ll_ushift_r                             0x08000257   Thumb Code     0  llushr.o(.text)
    __aeabi_memset                           0x08000277   Thumb Code    14  memseta.o(.text)
    __aeabi_memset4                          0x08000277   Thumb Code     0  memseta.o(.text)
    __aeabi_memset8                          0x08000277   Thumb Code     0  memseta.o(.text)
    __aeabi_memclr                           0x08000285   Thumb Code     4  memseta.o(.text)
    __aeabi_memclr4                          0x08000285   Thumb Code     0  memseta.o(.text)
    __aeabi_memclr8                          0x08000285   Thumb Code     0  memseta.o(.text)
    _memset$wrapper                          0x08000289   Thumb Code    18  memseta.o(.text)
    __aeabi_uidiv                            0x0800029b   Thumb Code     0  uidiv.o(.text)
    __aeabi_uidivmod                         0x0800029b   Thumb Code    44  uidiv.o(.text)
    __aeabi_llsl                             0x080002c7   Thumb Code    30  llshl.o(.text)
    _ll_shift_l                              0x080002c7   Thumb Code     0  llshl.o(.text)
    __scatterload                            0x080002e5   Thumb Code    28  init.o(.text)
    __scatterload_rt2                        0x080002e5   Thumb Code     0  init.o(.text)
    BusFault_Handler                         0x08000309   Thumb Code     2  stm32f1xx_it.o(i.BusFault_Handler)
    DebugMon_Handler                         0x0800030b   Thumb Code     2  stm32f1xx_it.o(i.DebugMon_Handler)
    Error_Handler                            0x0800030d   Thumb Code     2  mcu_init.o(i.Error_Handler)
    HAL_GPIO_Init                            0x08000311   Thumb Code   462  stm32f1xx_hal_gpio.o(i.HAL_GPIO_Init)
    HAL_GPIO_WritePin                        0x08000509   Thumb Code    10  stm32f1xx_hal_gpio.o(i.HAL_GPIO_WritePin)
    HAL_GetTick                              0x08000515   Thumb Code     6  stm32f1xx_hal.o(i.HAL_GetTick)
    HAL_IncTick                              0x08000521   Thumb Code    12  stm32f1xx_hal.o(i.HAL_IncTick)
    HAL_Init                                 0x08000531   Thumb Code    32  stm32f1xx_hal.o(i.HAL_Init)
    HAL_InitTick                             0x08000555   Thumb Code    54  stm32f1xx_hal.o(i.HAL_InitTick)
    HAL_MspInit                              0x08000595   Thumb Code    52  stm32f1xx_hal_msp.o(i.HAL_MspInit)
    HAL_NVIC_SetPriority                     0x080005d1   Thumb Code    60  stm32f1xx_hal_cortex.o(i.HAL_NVIC_SetPriority)
    HAL_NVIC_SetPriorityGrouping             0x08000611   Thumb Code    26  stm32f1xx_hal_cortex.o(i.HAL_NVIC_SetPriorityGrouping)
    HAL_RCC_ClockConfig                      0x08000635   Thumb Code   280  stm32f1xx_hal_rcc.o(i.HAL_RCC_ClockConfig)
    HAL_RCC_GetPCLK1Freq                     0x08000761   Thumb Code    20  stm32f1xx_hal_rcc.o(i.HAL_RCC_GetPCLK1Freq)
    HAL_RCC_GetPCLK2Freq                     0x08000781   Thumb Code    20  stm32f1xx_hal_rcc.o(i.HAL_RCC_GetPCLK2Freq)
    HAL_RCC_GetSysClockFreq                  0x080007a1   Thumb Code    74  stm32f1xx_hal_rcc.o(i.HAL_RCC_GetSysClockFreq)
    HAL_RCC_OscConfig                        0x0800080d   Thumb Code   778  stm32f1xx_hal_rcc.o(i.HAL_RCC_OscConfig)
    HAL_SYSTICK_Config                       0x08000b2d   Thumb Code    40  stm32f1xx_hal_cortex.o(i.HAL_SYSTICK_Config)
    HAL_UART_Init                            0x08000b55   Thumb Code    98  stm32f1xx_hal_uart.o(i.HAL_UART_Init)
    HAL_UART_MspInit                         0x08000bb9   Thumb Code   100  usart.o(i.HAL_UART_MspInit)
    HAL_UART_Transmit                        0x08000c29   Thumb Code   186  stm32f1xx_hal_uart.o(i.HAL_UART_Transmit)
    HardFault_Handler                        0x08000ce3   Thumb Code     2  stm32f1xx_it.o(i.HardFault_Handler)
    MX_GPIO_Init                             0x08000ce5   Thumb Code   140  gpio.o(i.MX_GPIO_Init)
    MX_USART1_UART_Init                      0x08000d7d   Thumb Code    48  usart.o(i.MX_USART1_UART_Init)
    MemManage_Handler                        0x08000db5   Thumb Code     2  stm32f1xx_it.o(i.MemManage_Handler)
    NMI_Handler                              0x08000db7   Thumb Code     2  stm32f1xx_it.o(i.NMI_Handler)
    SVC_Handler                              0x08000df9   Thumb Code     2  stm32f1xx_it.o(i.SVC_Handler)
    SysTick_Handler                          0x08000dfb   Thumb Code    32  stm32f1xx_it.o(i.SysTick_Handler)
    SystemClock_Config                       0x08000e1b   Thumb Code    78  mcu_init.o(i.SystemClock_Config)
    SystemInit                               0x08000e69   Thumb Code    56  system_stm32f1xx.o(i.SystemInit)
    UsageFault_Handler                       0x08000fcd   Thumb Code     2  stm32f1xx_it.o(i.UsageFault_Handler)
    __0printf$3                              0x08000fd1   Thumb Code    22  printf3.o(i.__0printf$3)
    __1printf$3                              0x08000fd1   Thumb Code     0  printf3.o(i.__0printf$3)
    __2printf                                0x08000fd1   Thumb Code     0  printf3.o(i.__0printf$3)
    __scatterload_copy                       0x08000ffd   Thumb Code    14  handlers.o(i.__scatterload_copy)
    __scatterload_null                       0x0800100b   Thumb Code     2  handlers.o(i.__scatterload_null)
    __scatterload_zeroinit                   0x0800100d   Thumb Code    14  handlers.o(i.__scatterload_zeroinit)
    application_entry                        0x080011e9   Thumb Code    24  hello_world.o(i.application_entry)
    board_init                               0x08001269   Thumb Code    22  mcu_init.o(i.board_init)
    cpu_context_switch                       0x0800127f   Thumb Code     4  tos_cpu.o(i.cpu_context_switch)
    cpu_init                                 0x08001285   Thumb Code    30  tos_cpu.o(i.cpu_init)
    cpu_irq_context_switch                   0x080012b1   Thumb Code     4  tos_cpu.o(i.cpu_irq_context_switch)
    cpu_sched_start                          0x080012b5   Thumb Code     4  tos_cpu.o(i.cpu_sched_start)
    cpu_systick_init                         0x080012b9   Thumb Code    20  tos_cpu.o(i.cpu_systick_init)
    cpu_task_stk_init                        0x080012cd   Thumb Code   104  tos_cpu.o(i.cpu_task_stk_init)
    fputc                                    0x0800133d   Thumb Code    40  mcu_init.o(i.fputc)
    knl_idle_init                            0x08001371   Thumb Code    32  tos_sys.o(i.knl_idle_init)
    knl_is_idle                              0x080013a9   Thumb Code    14  tos_sys.o(i.knl_is_idle)
    knl_is_inirq                             0x080013bd   Thumb Code    12  tos_sys.o(i.knl_is_inirq)
    knl_is_sched_locked                      0x080013cd   Thumb Code    12  tos_sys.o(i.knl_is_sched_locked)
    knl_is_self                              0x080013dd   Thumb Code    16  tos_sys.o(i.knl_is_self)
    knl_sched                                0x080013f1   Thumb Code    56  tos_sys.o(i.knl_sched)
    main                                     0x08001439   Thumb Code    32  main.o(i.main)
    mmheap_init                              0x080014a5   Thumb Code    52  tos_mmheap.o(i.mmheap_init)
    msgpool_init                             0x080014dd   Thumb Code    30  tos_msg.o(i.msgpool_init)
    mutex_release                            0x0800153f   Thumb Code    20  tos_mutex.o(i.mutex_release)
    osDelay                                  0x08001555   Thumb Code    32  cmsis_os.o(i.osDelay)
    osKernelInitialize                       0x08001575   Thumb Code    14  cmsis_os.o(i.osKernelInitialize)
    osKernelStart                            0x08001583   Thumb Code    14  cmsis_os.o(i.osKernelStart)
    osThreadCreate                           0x08001591   Thumb Code    50  cmsis_os.o(i.osThreadCreate)
    pend_highest_prio_get                    0x080015c3   Thumb Code    20  tos_pend.o(i.pend_highest_prio_get)
    pend_list_adjust                         0x0800160b   Thumb Code    14  tos_pend.o(i.pend_list_adjust)
    pend_list_remove                         0x08001619   Thumb Code    22  tos_pend.o(i.pend_list_remove)
    pend_task_wakeup                         0x0800162f   Thumb Code    50  tos_pend.o(i.pend_task_wakeup)
    pend_wakeup_all                          0x08001661   Thumb Code    32  tos_pend.o(i.pend_wakeup_all)
    port_systick_config                      0x08001681   Thumb Code    34  port_c.o(i.port_systick_config)
    port_systick_priority_set                0x080016a3   Thumb Code    10  port_c.o(i.port_systick_priority_set)
    readyqueue_add                           0x080016bd   Thumb Code    20  tos_sched.o(i.readyqueue_add)
    readyqueue_add_head                      0x080016d5   Thumb Code    38  tos_sched.o(i.readyqueue_add_head)
    readyqueue_add_tail                      0x08001701   Thumb Code    36  tos_sched.o(i.readyqueue_add_tail)
    readyqueue_first_task_get                0x08001729   Thumb Code    20  tos_sched.o(i.readyqueue_first_task_get)
    readyqueue_highest_ready_task_get        0x08001741   Thumb Code    14  tos_sched.o(i.readyqueue_highest_ready_task_get)
    readyqueue_init                          0x08001755   Thumb Code    48  tos_sched.o(i.readyqueue_init)
    readyqueue_is_prio_onlyone               0x08001789   Thumb Code    22  tos_sched.o(i.readyqueue_is_prio_onlyone)
    readyqueue_move_head_to_tail             0x080017a5   Thumb Code    26  tos_sched.o(i.readyqueue_move_head_to_tail)
    readyqueue_remove                        0x080017f5   Thumb Code    90  tos_sched.o(i.readyqueue_remove)
    robin_sched                              0x08001855   Thumb Code   100  tos_robin.o(i.robin_sched)
    task1                                    0x080018c1   Thumb Code    24  hello_world.o(i.task1)
    task2                                    0x080018f1   Thumb Code    24  hello_world.o(i.task2)
    tick_list_add                            0x0800194d   Thumb Code    48  tos_tick.o(i.tick_list_add)
    tick_list_remove                         0x0800197d   Thumb Code   110  tos_tick.o(i.tick_list_remove)
    tick_update                              0x08001a89   Thumb Code   106  tos_tick.o(i.tick_update)
    timer_init                               0x08001afd   Thumb Code     4  tos_timer.o(i.timer_init)
    timer_update                             0x08001bbd   Thumb Code   114  tos_timer.o(i.timer_update)
    tos_cpu_clz                              0x08001c39   Thumb Code     4  tos_cpu.o(i.tos_cpu_clz)
    tos_cpu_cpsr_restore                     0x08001c3d   Thumb Code     4  tos_cpu.o(i.tos_cpu_cpsr_restore)
    tos_cpu_cpsr_save                        0x08001c41   Thumb Code     4  tos_cpu.o(i.tos_cpu_cpsr_save)
    tos_knl_init                             0x08001c45   Thumb Code    42  tos_sys.o(i.tos_knl_init)
    tos_knl_irq_enter                        0x08001c75   Thumb Code    22  tos_sys.o(i.tos_knl_irq_enter)
    tos_knl_irq_leave                        0x08001c95   Thumb Code    70  tos_sys.o(i.tos_knl_irq_leave)
    tos_knl_is_running                       0x08001cf1   Thumb Code    12  tos_sys.o(i.tos_knl_is_running)
    tos_knl_sched_lock                       0x08001d01   Thumb Code    60  tos_sys.o(i.tos_knl_sched_lock)
    tos_knl_sched_unlock                     0x08001d49   Thumb Code    62  tos_sys.o(i.tos_knl_sched_unlock)
    tos_knl_start                            0x08001d95   Thumb Code    40  tos_sys.o(i.tos_knl_start)
    tos_millisec2tick                        0x08001de7   Thumb Code    18  tos_time.o(i.tos_millisec2tick)
    tos_mmheap_pool_add                      0x08001df9   Thumb Code    78  tos_mmheap.o(i.tos_mmheap_pool_add)
    tos_task_create                          0x08001e4d   Thumb Code   176  tos_task.o(i.tos_task_create)
    tos_task_delay                           0x08001f05   Thumb Code    92  tos_task.o(i.tos_task_delay)
    tos_task_destroy                         0x08001f65   Thumb Code   162  tos_task.o(i.tos_task_destroy)
    tos_task_prio_change                     0x0800200d   Thumb Code   170  tos_task.o(i.tos_task_prio_change)
    tos_task_yield                           0x080020b9   Thumb Code    46  tos_task.o(i.tos_task_yield)
    tos_tick_handler                         0x080020ed   Thumb Code    38  tos_tick.o(i.tos_tick_handler)
    os_thread_def_application_entry          0x08002118   Data          32  main.o(.constdata)
    AHBPrescTable                            0x08002138   Data          16  system_stm32f1xx.o(.constdata)
    APBPrescTable                            0x08002148   Data           8  system_stm32f1xx.o(.constdata)
    k_idle_task_stk_addr                     0x08002150   Data           4  tos_global.o(.constdata)
    k_idle_task_stk_size                     0x08002154   Data           4  tos_global.o(.constdata)
    os_thread_def_task1                      0x08002158   Data          32  hello_world.o(.constdata)
    os_thread_def_task2                      0x08002178   Data          32  hello_world.o(.constdata)
    Region$$Table$$Base                      0x080021bc   Number         0  anon$$obj.o(Region$$Table)
    Region$$Table$$Limit                     0x080021dc   Number         0  anon$$obj.o(Region$$Table)
    uwTickFreq                               0x20000000   Data           1  stm32f1xx_hal.o(.data)
    uwTickPrio                               0x20000004   Data           4  stm32f1xx_hal.o(.data)
    uwTick                                   0x20000008   Data           4  stm32f1xx_hal.o(.data)
    SystemCoreClock                          0x2000000c   Data           4  system_stm32f1xx.o(.data)
    k_irq_nest_cnt                           0x20000010   Data           1  tos_global.o(.data)
    k_sched_lock_nest_cnt                    0x20000011   Data           1  tos_global.o(.data)
    k_knl_state                              0x20000012   Data           1  tos_global.o(.data)
    k_tick_count                             0x20000018   Data           8  tos_global.o(.data)
    k_curr_task                              0x20000020   Data           4  tos_global.o(.data)
    k_next_task                              0x20000024   Data           4  tos_global.o(.data)
    k_cpu_tick_per_second                    0x20000028   Data           8  tos_global.o(.data)
    k_cpu_cycle_per_tick                     0x20000030   Data           4  tos_global.o(.data)
    k_tick_list                              0x20000034   Data           8  tos_global.o(.data)
    k_robin_default_timeslice                0x2000003c   Data           4  tos_global.o(.data)
    k_timer_ctl                              0x20000040   Data          16  tos_global.o(.data)
    k_msg_freelist                           0x20000050   Data           8  tos_global.o(.data)
    __stdout                                 0x20000058   Data           4  stdout.o(.data)
    task_handler_application_entry           0x20000060   Data         104  main.o(.bss)
    task_stack_application_entry             0x200000c8   Data        1024  main.o(.bss)
    huart1                                   0x200004c8   Data          64  usart.o(.bss)
    k_rdyq                                   0x20000508   Data          88  tos_global.o(.bss)
    k_idle_task                              0x20000560   Data         104  tos_global.o(.bss)
    k_idle_task_stk                          0x200005c8   Data          80  tos_global.o(.bss)
    k_mmheap_pool                            0x20000618   Data       24576  tos_global.o(.bss)
    k_mmheap_ctl                             0x20006618   Data        3188  tos_global.o(.bss)
    k_msg_pool                               0x2000728c   Data         160  tos_global.o(.bss)
    task_handler_task1                       0x20007330   Data         104  hello_world.o(.bss)
    task_stack_task1                         0x20007398   Data         512  hello_world.o(.bss)
    task_handler_task2                       0x20007598   Data         104  hello_world.o(.bss)
    task_stack_task2                         0x20007600   Data         512  hello_world.o(.bss)
    __initial_sp                             0x20007c00   Data           0  startup_stm32f103xe.o(STACK)



==============================================================================

Memory Map of the image

  Image Entry point : 0x08000131

  Load Region LR_IROM1 (Base: 0x08000000, Size: 0x00002238, Max: 0x00040000, ABSOLUTE)

    Execution Region ER_IROM1 (Exec base: 0x08000000, Load base: 0x08000000, Size: 0x000021dc, Max: 0x00040000, ABSOLUTE)

    Exec Addr    Load Addr    Size         Type   Attr      Idx    E Section Name        Object

    0x08000000   0x08000000   0x00000130   Data   RO            3    RESET               startup_stm32f103xe.o
    0x08000130   0x08000130   0x00000000   Code   RO         3755  * .ARM.Collect$$$$00000000  mc_w.l(entry.o)
    0x08000130   0x08000130   0x00000004   Code   RO         4029    .ARM.Collect$$$$00000001  mc_w.l(entry2.o)
    0x08000134   0x08000134   0x00000004   Code   RO         4032    .ARM.Collect$$$$00000004  mc_w.l(entry5.o)
    0x08000138   0x08000138   0x00000000   Code   RO         4034    .ARM.Collect$$$$00000008  mc_w.l(entry7b.o)
    0x08000138   0x08000138   0x00000000   Code   RO         4036    .ARM.Collect$$$$0000000A  mc_w.l(entry8b.o)
    0x08000138   0x08000138   0x00000008   Code   RO         4037    .ARM.Collect$$$$0000000B  mc_w.l(entry9a.o)
    0x08000140   0x08000140   0x00000000   Code   RO         4039    .ARM.Collect$$$$0000000D  mc_w.l(entry10a.o)
    0x08000140   0x08000140   0x00000000   Code   RO         4041    .ARM.Collect$$$$0000000F  mc_w.l(entry11a.o)
    0x08000140   0x08000140   0x00000004   Code   RO         4030    .ARM.Collect$$$$00002712  mc_w.l(entry2.o)
    0x08000144   0x08000144   0x00000024   Code   RO            4    .text               startup_stm32f103xe.o
    0x08000168   0x08000168   0x0000008c   Code   RO         2019    .text               port_s.o
    0x080001f4   0x080001f4   0x00000062   Code   RO         3758    .text               mc_w.l(uldiv.o)
    0x08000256   0x08000256   0x00000020   Code   RO         3760    .text               mc_w.l(llushr.o)
    0x08000276   0x08000276   0x00000024   Code   RO         3764    .text               mc_w.l(memseta.o)
    0x0800029a   0x0800029a   0x0000002c   Code   RO         4044    .text               mc_w.l(uidiv.o)
    0x080002c6   0x080002c6   0x0000001e   Code   RO         4046    .text               mc_w.l(llshl.o)
    0x080002e4   0x080002e4   0x00000024   Code   RO         4059    .text               mc_w.l(init.o)
    0x08000308   0x08000308   0x00000002   Code   RO          359    i.BusFault_Handler  stm32f1xx_it.o
    0x0800030a   0x0800030a   0x00000002   Code   RO          360    i.DebugMon_Handler  stm32f1xx_it.o
    0x0800030c   0x0800030c   0x00000002   Code   RO          281    i.Error_Handler     mcu_init.o
    0x0800030e   0x0800030e   0x00000002   PAD
    0x08000310   0x08000310   0x000001f8   Code   RO         1125    i.HAL_GPIO_Init     stm32f1xx_hal_gpio.o
    0x08000508   0x08000508   0x0000000a   Code   RO         1129    i.HAL_GPIO_WritePin  stm32f1xx_hal_gpio.o
    0x08000512   0x08000512   0x00000002   PAD
    0x08000514   0x08000514   0x0000000c   Code   RO          487    i.HAL_GetTick       stm32f1xx_hal.o
    0x08000520   0x08000520   0x00000010   Code   RO          493    i.HAL_IncTick       stm32f1xx_hal.o
    0x08000530   0x08000530   0x00000024   Code   RO          494    i.HAL_Init          stm32f1xx_hal.o
    0x08000554   0x08000554   0x00000040   Code   RO          495    i.HAL_InitTick      stm32f1xx_hal.o
    0x08000594   0x08000594   0x0000003c   Code   RO          335    i.HAL_MspInit       stm32f1xx_hal_msp.o
    0x080005d0   0x080005d0   0x00000040   Code   RO          658    i.HAL_NVIC_SetPriority  stm32f1xx_hal_cortex.o
    0x08000610   0x08000610   0x00000024   Code   RO          659    i.HAL_NVIC_SetPriorityGrouping  stm32f1xx_hal_cortex.o
    0x08000634   0x08000634   0x0000012c   Code   RO         1350    i.HAL_RCC_ClockConfig  stm32f1xx_hal_rcc.o
    0x08000760   0x08000760   0x00000020   Code   RO         1357    i.HAL_RCC_GetPCLK1Freq  stm32f1xx_hal_rcc.o
    0x08000780   0x08000780   0x00000020   Code   RO         1358    i.HAL_RCC_GetPCLK2Freq  stm32f1xx_hal_rcc.o
    0x080007a0   0x080007a0   0x0000006c   Code   RO         1359    i.HAL_RCC_GetSysClockFreq  stm32f1xx_hal_rcc.o
    0x0800080c   0x0800080c   0x00000320   Code   RO         1362    i.HAL_RCC_OscConfig  stm32f1xx_hal_rcc.o
    0x08000b2c   0x08000b2c   0x00000028   Code   RO          663    i.HAL_SYSTICK_Config  stm32f1xx_hal_cortex.o
    0x08000b54   0x08000b54   0x00000062   Code   RO         1548    i.HAL_UART_Init     stm32f1xx_hal_uart.o
    0x08000bb6   0x08000bb6   0x00000002   PAD
    0x08000bb8   0x08000bb8   0x00000070   Code   RO          435    i.HAL_UART_MspInit  usart.o
    0x08000c28   0x08000c28   0x000000ba   Code   RO         1556    i.HAL_UART_Transmit  stm32f1xx_hal_uart.o
    0x08000ce2   0x08000ce2   0x00000002   Code   RO          361    i.HardFault_Handler  stm32f1xx_it.o
    0x08000ce4   0x08000ce4   0x00000098   Code   RO           13    i.MX_GPIO_Init      gpio.o
    0x08000d7c   0x08000d7c   0x00000038   Code   RO          436    i.MX_USART1_UART_Init  usart.o
    0x08000db4   0x08000db4   0x00000002   Code   RO          362    i.MemManage_Handler  stm32f1xx_it.o
    0x08000db6   0x08000db6   0x00000002   Code   RO          363    i.NMI_Handler       stm32f1xx_it.o
    0x08000db8   0x08000db8   0x00000020   Code   RO          665    i.NVIC_SetPriority  stm32f1xx_hal_cortex.o
    0x08000dd8   0x08000dd8   0x00000020   Code   RO         1977    i.NVIC_SetPriority  port_c.o
    0x08000df8   0x08000df8   0x00000002   Code   RO          365    i.SVC_Handler       stm32f1xx_it.o
    0x08000dfa   0x08000dfa   0x00000020   Code   RO          366    i.SysTick_Handler   stm32f1xx_it.o
    0x08000e1a   0x08000e1a   0x0000004e   Code   RO          282    i.SystemClock_Config  mcu_init.o
    0x08000e68   0x08000e68   0x00000048   Code   RO         1850    i.SystemInit        system_stm32f1xx.o
    0x08000eb0   0x08000eb0   0x000000b8   Code   RO         1574    i.UART_SetConfig    stm32f1xx_hal_uart.o
    0x08000f68   0x08000f68   0x00000064   Code   RO         1576    i.UART_WaitOnFlagUntilTimeout  stm32f1xx_hal_uart.o
    0x08000fcc   0x08000fcc   0x00000002   Code   RO          367    i.UsageFault_Handler  stm32f1xx_it.o
    0x08000fce   0x08000fce   0x00000002   PAD
    0x08000fd0   0x08000fd0   0x00000020   Code   RO         3857    i.__0printf$3       mc_w.l(printf3.o)
    0x08000ff0   0x08000ff0   0x0000000c   Code   RO         2245    i.__fls             tos_mmheap.o
    0x08000ffc   0x08000ffc   0x0000000e   Code   RO         4067    i.__scatterload_copy  mc_w.l(handlers.o)
    0x0800100a   0x0800100a   0x00000002   Code   RO         4068    i.__scatterload_null  mc_w.l(handlers.o)
    0x0800100c   0x0800100c   0x0000000e   Code   RO         4069    i.__scatterload_zeroinit  mc_w.l(handlers.o)
    0x0800101a   0x0800101a   0x0000000a   Code   RO         2400    i._list_add         tos_msg.o
    0x08001024   0x08001024   0x0000000a   Code   RO         2834    i._list_add         tos_sched.o
    0x0800102e   0x0800102e   0x00000002   PAD
    0x08001030   0x08001030   0x000001b8   Code   RO         3864    i._printf_core      mc_w.l(printf3.o)
    0x080011e8   0x080011e8   0x0000001c   Code   RO         3714    i.application_entry  hello_world.o
    0x08001204   0x08001204   0x00000048   Code   RO         2250    i.blk_insert        tos_mmheap.o
    0x0800124c   0x0800124c   0x0000000c   Code   RO         2251    i.blk_link_next     tos_mmheap.o
    0x08001258   0x08001258   0x00000010   Code   RO         2256    i.blk_next          tos_mmheap.o
    0x08001268   0x08001268   0x00000016   Code   RO          284    i.board_init        mcu_init.o
    0x0800127e   0x0800127e   0x00000004   Code   RO         1887    i.cpu_context_switch  tos_cpu.o
    0x08001282   0x08001282   0x00000002   PAD
    0x08001284   0x08001284   0x0000002c   Code   RO         1888    i.cpu_init          tos_cpu.o
    0x080012b0   0x080012b0   0x00000004   Code   RO         1889    i.cpu_irq_context_switch  tos_cpu.o
    0x080012b4   0x080012b4   0x00000004   Code   RO         1891    i.cpu_sched_start   tos_cpu.o
    0x080012b8   0x080012b8   0x00000014   Code   RO         1892    i.cpu_systick_init  tos_cpu.o
    0x080012cc   0x080012cc   0x00000068   Code   RO         1893    i.cpu_task_stk_init  tos_cpu.o
    0x08001334   0x08001334   0x00000008   Code   RO         3462    i.errno_knl2cmsis   cmsis_os.o
    0x0800133c   0x0800133c   0x00000030   Code   RO          286    i.fputc             mcu_init.o
    0x0800136c   0x0800136c   0x00000002   Code   RO         3013    i.knl_idle_entry    tos_sys.o
    0x0800136e   0x0800136e   0x00000002   PAD
    0x08001370   0x08001370   0x00000038   Code   RO         3014    i.knl_idle_init     tos_sys.o
    0x080013a8   0x080013a8   0x00000014   Code   RO         3015    i.knl_is_idle       tos_sys.o
    0x080013bc   0x080013bc   0x00000010   Code   RO         3016    i.knl_is_inirq      tos_sys.o
    0x080013cc   0x080013cc   0x00000010   Code   RO         3017    i.knl_is_sched_locked  tos_sys.o
    0x080013dc   0x080013dc   0x00000014   Code   RO         3018    i.knl_is_self       tos_sys.o
    0x080013f0   0x080013f0   0x00000048   Code   RO         3019    i.knl_sched         tos_sys.o
    0x08001438   0x08001438   0x00000040   Code   RO          120    i.main              main.o
    0x08001478   0x08001478   0x0000002c   Code   RO         2260    i.mapping_insert    tos_mmheap.o
    0x080014a4   0x080014a4   0x00000038   Code   RO         2261    i.mmheap_init       tos_mmheap.o
    0x080014dc   0x080014dc   0x00000028   Code   RO         2402    i.msgpool_init      tos_msg.o
    0x08001504   0x08001504   0x0000003a   Code   RO         2504    i.mutex_old_owner_release  tos_mutex.o
    0x0800153e   0x0800153e   0x00000014   Code   RO         2505    i.mutex_release     tos_mutex.o
    0x08001552   0x08001552   0x00000002   PAD
    0x08001554   0x08001554   0x00000020   Code   RO         3463    i.osDelay           cmsis_os.o
    0x08001574   0x08001574   0x0000000e   Code   RO         3464    i.osKernelInitialize  cmsis_os.o
    0x08001582   0x08001582   0x0000000e   Code   RO         3466    i.osKernelStart     cmsis_os.o
    0x08001590   0x08001590   0x00000032   Code   RO         3483    i.osThreadCreate    cmsis_os.o
    0x080015c2   0x080015c2   0x00000014   Code   RO         2601    i.pend_highest_prio_get  tos_pend.o
    0x080015d6   0x080015d6   0x00000034   Code   RO         2603    i.pend_list_add     tos_pend.o
    0x0800160a   0x0800160a   0x0000000e   Code   RO         2604    i.pend_list_adjust  tos_pend.o
    0x08001618   0x08001618   0x00000016   Code   RO         2605    i.pend_list_remove  tos_pend.o
    0x0800162e   0x0800162e   0x00000032   Code   RO         2611    i.pend_task_wakeup  tos_pend.o
    0x08001660   0x08001660   0x00000020   Code   RO         2613    i.pend_wakeup_all   tos_pend.o
    0x08001680   0x08001680   0x00000022   Code   RO         1979    i.port_systick_config  port_c.o
    0x080016a2   0x080016a2   0x0000000a   Code   RO         1980    i.port_systick_priority_set  port_c.o
    0x080016ac   0x080016ac   0x00000010   Code   RO         3492    i.priority_cmsis2knl  cmsis_os.o
    0x080016bc   0x080016bc   0x00000018   Code   RO         2835    i.readyqueue_add    tos_sched.o
    0x080016d4   0x080016d4   0x0000002c   Code   RO         2836    i.readyqueue_add_head  tos_sched.o
    0x08001700   0x08001700   0x00000028   Code   RO         2837    i.readyqueue_add_tail  tos_sched.o
    0x08001728   0x08001728   0x00000018   Code   RO         2838    i.readyqueue_first_task_get  tos_sched.o
    0x08001740   0x08001740   0x00000014   Code   RO         2839    i.readyqueue_highest_ready_task_get  tos_sched.o
    0x08001754   0x08001754   0x00000034   Code   RO         2840    i.readyqueue_init   tos_sched.o
    0x08001788   0x08001788   0x0000001c   Code   RO         2841    i.readyqueue_is_prio_onlyone  tos_sched.o
    0x080017a4   0x080017a4   0x00000020   Code   RO         2842    i.readyqueue_move_head_to_tail  tos_sched.o
    0x080017c4   0x080017c4   0x00000030   Code   RO         2843    i.readyqueue_prio_mark  tos_sched.o
    0x080017f4   0x080017f4   0x00000060   Code   RO         2844    i.readyqueue_remove  tos_sched.o
    0x08001854   0x08001854   0x0000006c   Code   RO         2798    i.robin_sched       tos_robin.o
    0x080018c0   0x080018c0   0x00000030   Code   RO         3715    i.task1             hello_world.o
    0x080018f0   0x080018f0   0x00000030   Code   RO         3716    i.task2             hello_world.o
    0x08001920   0x08001920   0x00000006   Code   RO         3114    i.task_exit         tos_task.o
    0x08001926   0x08001926   0x00000026   Code   RO         3115    i.task_reset        tos_task.o
    0x0800194c   0x0800194c   0x00000030   Code   RO         3224    i.tick_list_add     tos_tick.o
    0x0800197c   0x0800197c   0x00000074   Code   RO         3225    i.tick_list_remove  tos_tick.o
    0x080019f0   0x080019f0   0x00000098   Code   RO         3227    i.tick_task_place   tos_tick.o
    0x08001a88   0x08001a88   0x00000074   Code   RO         3228    i.tick_update       tos_tick.o
    0x08001afc   0x08001afc   0x00000004   Code   RO         3370    i.timer_init        tos_timer.o
    0x08001b00   0x08001b00   0x00000074   Code   RO         3372    i.timer_place       tos_timer.o
    0x08001b74   0x08001b74   0x00000048   Code   RO         3373    i.timer_takeoff     tos_timer.o
    0x08001bbc   0x08001bbc   0x0000007c   Code   RO         3374    i.timer_update      tos_timer.o
    0x08001c38   0x08001c38   0x00000004   Code   RO         1894    i.tos_cpu_clz       tos_cpu.o
    0x08001c3c   0x08001c3c   0x00000004   Code   RO         1895    i.tos_cpu_cpsr_restore  tos_cpu.o
    0x08001c40   0x08001c40   0x00000004   Code   RO         1896    i.tos_cpu_cpsr_save  tos_cpu.o
    0x08001c44   0x08001c44   0x00000030   Code   RO         3020    i.tos_knl_init      tos_sys.o
    0x08001c74   0x08001c74   0x00000020   Code   RO         3021    i.tos_knl_irq_enter  tos_sys.o
    0x08001c94   0x08001c94   0x0000005c   Code   RO         3022    i.tos_knl_irq_leave  tos_sys.o
    0x08001cf0   0x08001cf0   0x00000010   Code   RO         3023    i.tos_knl_is_running  tos_sys.o
    0x08001d00   0x08001d00   0x00000048   Code   RO         3024    i.tos_knl_sched_lock  tos_sys.o
    0x08001d48   0x08001d48   0x0000004c   Code   RO         3025    i.tos_knl_sched_unlock  tos_sys.o
    0x08001d94   0x08001d94   0x00000034   Code   RO         3026    i.tos_knl_start     tos_sys.o
    0x08001dc8   0x08001dc8   0x00000006   Code   RO         2403    i.tos_list_add      tos_msg.o
    0x08001dce   0x08001dce   0x0000000a   Code   RO         2846    i.tos_list_add_tail  tos_sched.o
    0x08001dd8   0x08001dd8   0x0000000e   Code   RO         3229    i.tos_list_empty    tos_tick.o
    0x08001de6   0x08001de6   0x00000012   Code   RO         3316    i.tos_millisec2tick  tos_time.o
    0x08001df8   0x08001df8   0x00000054   Code   RO         2267    i.tos_mmheap_pool_add  tos_mmheap.o
    0x08001e4c   0x08001e4c   0x000000b8   Code   RO         3116    i.tos_task_create   tos_task.o
    0x08001f04   0x08001f04   0x00000060   Code   RO         3117    i.tos_task_delay    tos_task.o
    0x08001f64   0x08001f64   0x000000a8   Code   RO         3119    i.tos_task_destroy  tos_task.o
    0x0800200c   0x0800200c   0x000000aa   Code   RO         3120    i.tos_task_prio_change  tos_task.o
    0x080020b6   0x080020b6   0x00000002   PAD
    0x080020b8   0x080020b8   0x00000034   Code   RO         3123    i.tos_task_yield    tos_task.o
    0x080020ec   0x080020ec   0x0000002c   Code   RO         3230    i.tos_tick_handler  tos_tick.o
    0x08002118   0x08002118   0x00000020   Data   RO          123    .constdata          main.o
    0x08002138   0x08002138   0x00000010   Data   RO         1851    .constdata          system_stm32f1xx.o
    0x08002148   0x08002148   0x00000008   Data   RO         1852    .constdata          system_stm32f1xx.o
    0x08002150   0x08002150   0x00000004   Data   RO         2165    .constdata          tos_global.o
    0x08002154   0x08002154   0x00000004   Data   RO         2166    .constdata          tos_global.o
    0x08002158   0x08002158   0x00000040   Data   RO         3721    .constdata          hello_world.o
    0x08002198   0x08002198   0x00000012   Data   RO          124    .conststring        main.o
    0x080021aa   0x080021aa   0x00000002   PAD
    0x080021ac   0x080021ac   0x0000000e   Data   RO         3722    .conststring        hello_world.o
    0x080021ba   0x080021ba   0x00000002   PAD
    0x080021bc   0x080021bc   0x00000020   Data   RO         4065    Region$$Table       anon$$obj.o


    Execution Region RW_IRAM1 (Exec base: 0x20000000, Load base: 0x080021dc, Size: 0x00007c00, Max: 0x0000c000, ABSOLUTE)

    Exec Addr    Load Addr    Size         Type   Attr      Idx    E Section Name        Object

    0x20000000   0x080021dc   0x0000000c   Data   RW          501    .data               stm32f1xx_hal.o
    0x2000000c   0x080021e8   0x00000004   Data   RW         1853    .data               system_stm32f1xx.o
    0x20000010   0x080021ec   0x00000001   Data   RW         2167    .data               tos_global.o
    0x20000011   0x080021ed   0x00000001   Data   RW         2168    .data               tos_global.o
    0x20000012   0x080021ee   0x00000001   Data   RW         2169    .data               tos_global.o
    0x20000013   0x080021ef   0x00000005   PAD
    0x20000018   0x080021f4   0x00000008   Data   RW         2170    .data               tos_global.o
    0x20000020   0x080021fc   0x00000004   Data   RW         2171    .data               tos_global.o
    0x20000024   0x08002200   0x00000004   Data   RW         2172    .data               tos_global.o
    0x20000028   0x08002204   0x00000008   Data   RW         2173    .data               tos_global.o
    0x20000030   0x0800220c   0x00000004   Data   RW         2174    .data               tos_global.o
    0x20000034   0x08002210   0x00000008   Data   RW         2175    .data               tos_global.o
    0x2000003c   0x08002218   0x00000004   Data   RW         2176    .data               tos_global.o
    0x20000040   0x0800221c   0x00000010   Data   RW         2177    .data               tos_global.o
    0x20000050   0x0800222c   0x00000008   Data   RW         2178    .data               tos_global.o
    0x20000058   0x08002234   0x00000004   Data   RW         4043    .data               mc_w.l(stdout.o)
    0x2000005c   0x08002238   0x00000004   PAD
    0x20000060        -       0x00000068   Zero   RW          121    .bss                main.o
    0x200000c8        -       0x00000400   Zero   RW          122    .bss                main.o
    0x200004c8        -       0x00000040   Zero   RW          437    .bss                usart.o
    0x20000508        -       0x00000058   Zero   RW         2159    .bss                tos_global.o
    0x20000560        -       0x00000068   Zero   RW         2160    .bss                tos_global.o
    0x200005c8        -       0x00000050   Zero   RW         2161    .bss                tos_global.o
    0x20000618        -       0x00006000   Zero   RW         2162    .bss                tos_global.o
    0x20006618        -       0x00000c74   Zero   RW         2163    .bss                tos_global.o
    0x2000728c        -       0x000000a0   Zero   RW         2164    .bss                tos_global.o
    0x2000732c   0x08002238   0x00000004   PAD
    0x20007330        -       0x00000068   Zero   RW         3717    .bss                hello_world.o
    0x20007398        -       0x00000200   Zero   RW         3718    .bss                hello_world.o
    0x20007598        -       0x00000068   Zero   RW         3719    .bss                hello_world.o
    0x20007600        -       0x00000200   Zero   RW         3720    .bss                hello_world.o
    0x20007800        -       0x00000400   Zero   RW            1    STACK               startup_stm32f103xe.o


==============================================================================

Image component sizes


      Code (inc. data)   RO Data    RW Data    ZI Data      Debug   Object Name

       134          0          0          0          0      14260   cmsis_os.o
       152         12          0          0          0     454579   gpio.o
       124         52         78          0       1232       2682   hello_world.o
        64         32         50          0       1128      21209   main.o
       150          8          0          0          0       2554   mcu_init.o
        76          0          0          0          0      24053   port_c.o
       140         16          0          0          0        412   port_s.o
        36          8        304          0       1024        848   startup_stm32f103xe.o
       128         24          0         12          0       6621   stm32f1xx_hal.o
       172         14          0          0          0      25594   stm32f1xx_hal_cortex.o
       514         42          0          0          0       3232   stm32f1xx_hal_gpio.o
        60          8          0          0          0        990   stm32f1xx_hal_msp.o
      1272        100          0          0          0       5832   stm32f1xx_hal_rcc.o
       568          6          0          0          0       4460   stm32f1xx_hal_uart.o
        46          0          0          0          0       3965   stm32f1xx_it.o
        72         16         24          4          0       1383   system_stm32f1xx.o
       192         14          0          0          0       5699   tos_cpu.o
         0          0          8         67      28196       1647   tos_global.o
       296         14          0          0          0       7423   tos_mmheap.o
        56         10          0          0          0       3443   tos_msg.o
        78          0          0          0          0       7020   tos_mutex.o
       190          0          0          0          0      10401   tos_pend.o
       108          8          0          0          0       1126   tos_robin.o
       428         52          0          0          0      13297   tos_sched.o
       590        138          0          0          0       8761   tos_sys.o
       714         24          0          0          0      11878   tos_task.o
       490         26          0          0          0       9848   tos_tick.o
        18          0          0          0          0       1088   tos_time.o
       316         24          0          0          0       3356   tos_timer.o
       168         20          0          0         64       1906   usart.o

    ----------------------------------------------------------------------
      7370        668        500         88      31648     659567   Object Totals
         0          0         32          0          0          0   (incl. Generated)
        18          0          4          5          4          0   (incl. Padding)

    ----------------------------------------------------------------------

      Code (inc. data)   RO Data    RW Data    ZI Data      Debug   Library Member Name

         0          0          0          0          0          0   entry.o
         0          0          0          0          0          0   entry10a.o
         0          0          0          0          0          0   entry11a.o
         8          4          0          0          0          0   entry2.o
         4          0          0          0          0          0   entry5.o
         0          0          0          0          0          0   entry7b.o
         0          0          0          0          0          0   entry8b.o
         8          4          0          0          0          0   entry9a.o
        30          0          0          0          0          0   handlers.o
        36          8          0          0          0         68   init.o
        30          0          0          0          0         68   llshl.o
        32          0          0          0          0         68   llushr.o
        36          0          0          0          0        108   memseta.o
       472         14          0          0          0        184   printf3.o
         0          0          0          4          0          0   stdout.o
        44          0          0          0          0         80   uidiv.o
        98          0          0          0          0         92   uldiv.o

    ----------------------------------------------------------------------
       798         30          0          4          4        668   Library Totals
         0          0          0          0          4          0   (incl. Padding)

    ----------------------------------------------------------------------

      Code (inc. data)   RO Data    RW Data    ZI Data      Debug   Library Name

       798         30          0          4          0        668   mc_w.l

    ----------------------------------------------------------------------
       798         30          0          4          4        668   Library Totals

    ----------------------------------------------------------------------

==============================================================================


      Code (inc. data)   RO Data    RW Data    ZI Data      Debug   

      8168        698        500         92      31652     654095   Grand Totals
      8168        698        500         92      31652     654095   ELF Image Totals
      8168        698        500         92          0          0   ROM Totals

==============================================================================

    Total RO  Size (Code + RO Data)                 8668 (   8.46kB)
    Total RW  Size (RW Data + ZI Data)             31744 (  31.00kB)
    Total ROM Size (Code + RO Data + RW Data)       8760 (   8.55kB)

==============================================================================

